Archive member included to satisfy reference by file (symbol)

/home/ledat/en.st-stm32cubeide_1.11.0_13638_20221122_1308_amd64.sh/makeself_dir_hdZ19U/y/plugins/com.st.stm32cube.ide.mcu.externaltools.gnu-tools-for-stm32.10.3-2021.10.linux64_1.0.100.202210260954/tools/bin/../lib/gcc/arm-none-eabi/10.3.1/../../../../arm-none-eabi/lib/thumb/v7e-m+fp/hard/libstdc++_nano.a(pure.o)
                              ./Core/Src/mainpp.o (__cxa_pure_virtual)
/home/ledat/en.st-stm32cubeide_1.11.0_13638_20221122_1308_amd64.sh/makeself_dir_hdZ19U/y/plugins/com.st.stm32cube.ide.mcu.externaltools.gnu-tools-for-stm32.10.3-2021.10.linux64_1.0.100.202210260954/tools/bin/../lib/gcc/arm-none-eabi/10.3.1/../../../../arm-none-eabi/lib/thumb/v7e-m+fp/hard/libstdc++_nano.a(eh_terminate.o)
                              /home/ledat/en.st-stm32cubeide_1.11.0_13638_20221122_1308_amd64.sh/makeself_dir_hdZ19U/y/plugins/com.st.stm32cube.ide.mcu.externaltools.gnu-tools-for-stm32.10.3-2021.10.linux64_1.0.100.202210260954/tools/bin/../lib/gcc/arm-none-eabi/10.3.1/../../../../arm-none-eabi/lib/thumb/v7e-m+fp/hard/libstdc++_nano.a(pure.o) (std::terminate())
/home/ledat/en.st-stm32cubeide_1.11.0_13638_20221122_1308_amd64.sh/makeself_dir_hdZ19U/y/plugins/com.st.stm32cube.ide.mcu.externaltools.gnu-tools-for-stm32.10.3-2021.10.linux64_1.0.100.202210260954/tools/bin/../lib/gcc/arm-none-eabi/10.3.1/../../../../arm-none-eabi/lib/thumb/v7e-m+fp/hard/libstdc++_nano.a(eh_unex_handler.o)
                              /home/ledat/en.st-stm32cubeide_1.11.0_13638_20221122_1308_amd64.sh/makeself_dir_hdZ19U/y/plugins/com.st.stm32cube.ide.mcu.externaltools.gnu-tools-for-stm32.10.3-2021.10.linux64_1.0.100.202210260954/tools/bin/../lib/gcc/arm-none-eabi/10.3.1/../../../../arm-none-eabi/lib/thumb/v7e-m+fp/hard/libstdc++_nano.a(eh_terminate.o) (__cxxabiv1::__unexpected_handler)
/home/ledat/en.st-stm32cubeide_1.11.0_13638_20221122_1308_amd64.sh/makeself_dir_hdZ19U/y/plugins/com.st.stm32cube.ide.mcu.externaltools.gnu-tools-for-stm32.10.3-2021.10.linux64_1.0.100.202210260954/tools/bin/../lib/gcc/arm-none-eabi/10.3.1/../../../../arm-none-eabi/lib/thumb/v7e-m+fp/hard/libstdc++_nano.a(eh_term_handler.o)
                              /home/ledat/en.st-stm32cubeide_1.11.0_13638_20221122_1308_amd64.sh/makeself_dir_hdZ19U/y/plugins/com.st.stm32cube.ide.mcu.externaltools.gnu-tools-for-stm32.10.3-2021.10.linux64_1.0.100.202210260954/tools/bin/../lib/gcc/arm-none-eabi/10.3.1/../../../../arm-none-eabi/lib/thumb/v7e-m+fp/hard/libstdc++_nano.a(eh_terminate.o) (__cxxabiv1::__terminate_handler)
/home/ledat/en.st-stm32cubeide_1.11.0_13638_20221122_1308_amd64.sh/makeself_dir_hdZ19U/y/plugins/com.st.stm32cube.ide.mcu.externaltools.gnu-tools-for-stm32.10.3-2021.10.linux64_1.0.100.202210260954/tools/bin/../lib/gcc/arm-none-eabi/10.3.1/../../../../arm-none-eabi/lib/thumb/v7e-m+fp/hard/libc_nano.a(lib_a-abort.o)
                              /home/ledat/en.st-stm32cubeide_1.11.0_13638_20221122_1308_amd64.sh/makeself_dir_hdZ19U/y/plugins/com.st.stm32cube.ide.mcu.externaltools.gnu-tools-for-stm32.10.3-2021.10.linux64_1.0.100.202210260954/tools/bin/../lib/gcc/arm-none-eabi/10.3.1/../../../../arm-none-eabi/lib/thumb/v7e-m+fp/hard/libstdc++_nano.a(eh_terminate.o) (abort)
/home/ledat/en.st-stm32cubeide_1.11.0_13638_20221122_1308_amd64.sh/makeself_dir_hdZ19U/y/plugins/com.st.stm32cube.ide.mcu.externaltools.gnu-tools-for-stm32.10.3-2021.10.linux64_1.0.100.202210260954/tools/bin/../lib/gcc/arm-none-eabi/10.3.1/../../../../arm-none-eabi/lib/thumb/v7e-m+fp/hard/libc_nano.a(lib_a-errno.o)
                              ./Core/Src/syscalls.o (__errno)
/home/ledat/en.st-stm32cubeide_1.11.0_13638_20221122_1308_amd64.sh/makeself_dir_hdZ19U/y/plugins/com.st.stm32cube.ide.mcu.externaltools.gnu-tools-for-stm32.10.3-2021.10.linux64_1.0.100.202210260954/tools/bin/../lib/gcc/arm-none-eabi/10.3.1/../../../../arm-none-eabi/lib/thumb/v7e-m+fp/hard/libc_nano.a(lib_a-exit.o)
                              /home/ledat/en.st-stm32cubeide_1.11.0_13638_20221122_1308_amd64.sh/makeself_dir_hdZ19U/y/plugins/com.st.stm32cube.ide.mcu.externaltools.gnu-tools-for-stm32.10.3-2021.10.linux64_1.0.100.202210260954/tools/bin/../lib/gcc/arm-none-eabi/10.3.1/../../../../arm-none-eabi/lib/thumb/v7e-m+fp/hard/crt0.o (exit)
/home/ledat/en.st-stm32cubeide_1.11.0_13638_20221122_1308_amd64.sh/makeself_dir_hdZ19U/y/plugins/com.st.stm32cube.ide.mcu.externaltools.gnu-tools-for-stm32.10.3-2021.10.linux64_1.0.100.202210260954/tools/bin/../lib/gcc/arm-none-eabi/10.3.1/../../../../arm-none-eabi/lib/thumb/v7e-m+fp/hard/libc_nano.a(lib_a-impure.o)
                              /home/ledat/en.st-stm32cubeide_1.11.0_13638_20221122_1308_amd64.sh/makeself_dir_hdZ19U/y/plugins/com.st.stm32cube.ide.mcu.externaltools.gnu-tools-for-stm32.10.3-2021.10.linux64_1.0.100.202210260954/tools/bin/../lib/gcc/arm-none-eabi/10.3.1/../../../../arm-none-eabi/lib/thumb/v7e-m+fp/hard/libc_nano.a(lib_a-exit.o) (_global_impure_ptr)
[...]
Memory Configuration

Name             Origin             Length             Attributes
CCMRAM           0x0000000010000000 0x0000000000010000 xrw
RAM              0x0000000020000000 0x0000000000020000 xrw
FLASH            0x0000000008000000 0x0000000000100000 xr
*default*        0x0000000000000000 0xffffffffffffffff

Linker script and memory map

LOAD /home/ledat/en.st-stm32cubeide_1.11.0_13638_20221122_1308_amd64.sh/makeself_dir_hdZ19U/y/plugins/com.st.stm32cube.ide.mcu.externaltools.gnu-tools-for-stm32.10.3-2021.10.linux64_1.0.100.202210260954/tools/bin/../lib/gcc/arm-none-eabi/10.3.1/thumb/v7e-m+fp/hard/crti.o
LOAD /home/ledat/en.st-stm32cubeide_1.11.0_13638_20221122_1308_amd64.sh/makeself_dir_hdZ19U/y/plugins/com.st.stm32cube.ide.mcu.externaltools.gnu-tools-for-stm32.10.3-2021.10.linux64_1.0.100.202210260954/tools/bin/../lib/gcc/arm-none-eabi/10.3.1/thumb/v7e-m+fp/hard/crtbegin.o
LOAD /home/ledat/en.st-stm32cubeide_1.11.0_13638_20221122_1308_amd64.sh/makeself_dir_hdZ19U/y/plugins/com.st.stm32cube.ide.mcu.externaltools.gnu-tools-for-stm32.10.3-2021.10.linux64_1.0.100.202210260954/tools/bin/../lib/gcc/arm-none-eabi/10.3.1/../../../../arm-none-eabi/lib/thumb/v7e-m+fp/hard/crt0.o
LOAD ./Core/Inc/duration.o
LOAD ./Core/Inc/time.o
LOAD ./Core/Src/main.o
LOAD ./Core/Src/mainpp.o
LOAD ./Core/Src/stm32f4xx_hal_msp.o
LOAD ./Core/Src/stm32f4xx_it.o
LOAD ./Core/Src/syscalls.o
LOAD ./Core/Src/sysmem.o
LOAD ./Core/Src/system_stm32f4xx.o
LOAD ./Core/Startup/startup_stm32f407vgtx.o
LOAD ./Drivers/STM32F4xx_HAL_Driver/Src/stm32f4xx_hal.o
LOAD ./Drivers/STM32F4xx_HAL_Driver/Src/stm32f4xx_hal_cortex.o
LOAD ./Drivers/STM32F4xx_HAL_Driver/Src/stm32f4xx_hal_dma.o
LOAD ./Drivers/STM32F4xx_HAL_Driver/Src/stm32f4xx_hal_dma_ex.o
LOAD ./Drivers/STM32F4xx_HAL_Driver/Src/stm32f4xx_hal_exti.o
LOAD ./Drivers/STM32F4xx_HAL_Driver/Src/stm32f4xx_hal_flash.o
LOAD ./Drivers/STM32F4xx_HAL_Driver/Src/stm32f4xx_hal_flash_ex.o
LOAD ./Drivers/STM32F4xx_HAL_Driver/Src/stm32f4xx_hal_flash_ramfunc.o
LOAD ./Drivers/STM32F4xx_HAL_Driver/Src/stm32f4xx_hal_gpio.o
LOAD ./Drivers/STM32F4xx_HAL_Driver/Src/stm32f4xx_hal_pwr.o
LOAD ./Drivers/STM32F4xx_HAL_Driver/Src/stm32f4xx_hal_pwr_ex.o
LOAD ./Drivers/STM32F4xx_HAL_Driver/Src/stm32f4xx_hal_rcc.o
LOAD ./Drivers/STM32F4xx_HAL_Driver/Src/stm32f4xx_hal_rcc_ex.o
LOAD ./Drivers/STM32F4xx_HAL_Driver/Src/stm32f4xx_hal_tim.o
LOAD ./Drivers/STM32F4xx_HAL_Driver/Src/stm32f4xx_hal_tim_ex.o
LOAD ./Drivers/STM32F4xx_HAL_Driver/Src/stm32f4xx_hal_uart.o
START GROUP
LOAD /home/ledat/en.st-stm32cubeide_1.11.0_13638_20221122_1308_amd64.sh/makeself_dir_hdZ19U/y/plugins/com.st.stm32cube.ide.mcu.externaltools.gnu-tools-for-stm32.10.3-2021.10.linux64_1.0.100.202210260954/tools/bin/../lib/gcc/arm-none-eabi/10.3.1/../../../../arm-none-eabi/lib/thumb/v7e-m+fp/hard/libstdc++_nano.a
LOAD /home/ledat/en.st-stm32cubeide_1.11.0_13638_20221122_1308_amd64.sh/makeself_dir_hdZ19U/y/plugins/com.st.stm32cube.ide.mcu.externaltools.gnu-tools-for-stm32.10.3-2021.10.linux64_1.0.100.202210260954/tools/bin/../lib/gcc/arm-none-eabi/10.3.1/../../../../arm-none-eabi/lib/thumb/v7e-m+fp/hard/libsupc++_nano.a
END GROUP
LOAD /home/ledat/en.st-stm32cubeide_1.11.0_13638_20221122_1308_amd64.sh/makeself_dir_hdZ19U/y/plugins/com.st.stm32cube.ide.mcu.externaltools.gnu-tools-for-stm32.10.3-2021.10.linux64_1.0.100.202210260954/tools/bin/../lib/gcc/arm-none-eabi/10.3.1/../../../../arm-none-eabi/lib/thumb/v7e-m+fp/hard/libstdc++_nano.a
LOAD /home/ledat/en.st-stm32cubeide_1.11.0_13638_20221122_1308_amd64.sh/makeself_dir_hdZ19U/y/plugins/com.st.stm32cube.ide.mcu.externaltools.gnu-tools-for-stm32.10.3-2021.10.linux64_1.0.100.202210260954/tools/bin/../lib/gcc/arm-none-eabi/10.3.1/../../../../arm-none-eabi/lib/thumb/v7e-m+fp/hard/libm.a
LOAD /home/ledat/en.st-stm32cubeide_1.11.0_13638_20221122_1308_amd64.sh/makeself_dir_hdZ19U/y/plugins/com.st.stm32cube.ide.mcu.externaltools.gnu-tools-for-stm32.10.3-2021.10.linux64_1.0.100.202210260954/tools/bin/../lib/gcc/arm-none-eabi/10.3.1/../../../../arm-none-eabi/lib/thumb/v7e-m+fp/hard/libc_nano.a
START GROUP
LOAD /home/ledat/en.st-stm32cubeide_1.11.0_13638_20221122_1308_amd64.sh/makeself_dir_hdZ19U/y/plugins/com.st.stm32cube.ide.mcu.externaltools.gnu-tools-for-stm32.10.3-2021.10.linux64_1.0.100.202210260954/tools/bin/../lib/gcc/arm-none-eabi/10.3.1/thumb/v7e-m+fp/hard/libgcc.a
LOAD /home/ledat/en.st-stm32cubeide_1.11.0_13638_20221122_1308_amd64.sh/makeself_dir_hdZ19U/y/plugins/com.st.stm32cube.ide.mcu.externaltools.gnu-tools-for-stm32.10.3-2021.10.linux64_1.0.100.202210260954/tools/bin/../lib/gcc/arm-none-eabi/10.3.1/../../../../arm-none-eabi/lib/thumb/v7e-m+fp/hard/libc_nano.a
END GROUP
START GROUP
LOAD /home/ledat/en.st-stm32cubeide_1.11.0_13638_20221122_1308_amd64.sh/makeself_dir_hdZ19U/y/plugins/com.st.stm32cube.ide.mcu.externaltools.gnu-tools-for-stm32.10.3-2021.10.linux64_1.0.100.202210260954/tools/bin/../lib/gcc/arm-none-eabi/10.3.1/thumb/v7e-m+fp/hard/libgcc.a
LOAD /home/ledat/en.st-stm32cubeide_1.11.0_13638_20221122_1308_amd64.sh/makeself_dir_hdZ19U/y/plugins/com.st.stm32cube.ide.mcu.externaltools.gnu-tools-for-stm32.10.3-2021.10.linux64_1.0.100.202210260954/tools/bin/../lib/gcc/arm-none-eabi/10.3.1/../../../../arm-none-eabi/lib/thumb/v7e-m+fp/hard/libc_nano.a
END GROUP
LOAD /home/ledat/en.st-stm32cubeide_1.11.0_13638_20221122_1308_amd64.sh/makeself_dir_hdZ19U/y/plugins/com.st.stm32cube.ide.mcu.externaltools.gnu-tools-for-stm32.10.3-2021.10.linux64_1.0.100.202210260954/tools/bin/../lib/gcc/arm-none-eabi/10.3.1/thumb/v7e-m+fp/hard/crtend.o
LOAD /home/ledat/en.st-stm32cubeide_1.11.0_13638_20221122_1308_amd64.sh/makeself_dir_hdZ19U/y/plugins/com.st.stm32cube.ide.mcu.externaltools.gnu-tools-for-stm32.10.3-2021.10.linux64_1.0.100.202210260954/tools/bin/../lib/gcc/arm-none-eabi/10.3.1/thumb/v7e-m+fp/hard/crtn.o
                0x0000000020020000                _estack = (ORIGIN (RAM) + LENGTH (RAM))
                0x0000000000000200                _Min_Heap_Size = 0x200
                0x0000000000000400                _Min_Stack_Size = 0x400

.isr_vector     0x0000000008000000      0x188
                0x0000000008000000                . = ALIGN (0x4)
 *(.isr_vector)
 .isr_vector    0x0000000008000000      0x188 ./Core/Startup/startup_stm32f407vgtx.o
                0x0000000008000000                g_pfnVectors
                0x0000000008000188                . = ALIGN (0x4)

.text           0x0000000008000188     0x5410
                0x0000000008000188                . = ALIGN (0x4)
 *(.text)
 .text          0x0000000008000188       0x40 /home/ledat/en.st-stm32cubeide_1.11.0_13638_20221122_1308_amd64.sh/makeself_dir_hdZ19U/y/plugins/com.st.stm32cube.ide.mcu.externaltools.gnu-tools-for-stm32.10.3-2021.10.linux64_1.0.100.202210260954/tools/bin/../lib/gcc/arm-none-eabi/10.3.1/thumb/v7e-m+fp/hard/crtbegin.o
 .text          0x00000000080001c8       0x10 /home/ledat/en.st-stm32cubeide_1.11.0_13638_20221122_1308_amd64.sh/makeself_dir_hdZ19U/y/plugins/com.st.stm32cube.ide.mcu.externaltools.gnu-tools-for-stm32.10.3-2021.10.linux64_1.0.100.202210260954/tools/bin/../lib/gcc/arm-none-eabi/10.3.1/../../../../arm-none-eabi/lib/thumb/v7e-m+fp/hard/libc_nano.a(lib_a-strlen.o)
                0x00000000080001c8                strlen
 .text          0x00000000080001d8       0x30 /home/ledat/en.st-stm32cubeide_1.11.0_13638_20221122_1308_amd64.sh/makeself_dir_hdZ19U/y/plugins/com.st.stm32cube.ide.mcu.externaltools.gnu-tools-for-stm32.10.3-2021.10.linux64_1.0.100.202210260954/tools/bin/../lib/gcc/arm-none-eabi/10.3.1/thumb/v7e-m+fp/hard/libgcc.a(_aeabi_uldivmod.o)
                0x00000000080001d8                __aeabi_uldivmod
 .text          0x0000000008000208      0x2d0 /home/ledat/en.st-stm32cubeide_1.11.0_13638_20221122_1308_amd64.sh/makeself_dir_hdZ19U/y/plugins/com.st.stm32cube.ide.mcu.externaltools.gnu-tools-for-stm32.10.3-2021.10.linux64_1.0.100.202210260954/tools/bin/../lib/gcc/arm-none-eabi/10.3.1/thumb/v7e-m+fp/hard/libgcc.a(_udivmoddi4.o)
                0x0000000008000208                __udivmoddi4
 .text          0x00000000080004d8        0x4 /home/ledat/en.st-stm32cubeide_1.11.0_13638_20221122_1308_amd64.sh/makeself_dir_hdZ19U/y/plugins/com.st.stm32cube.ide.mcu.externaltools.gnu-tools-for-stm32.10.3-2021.10.linux64_1.0.100.202210260954/tools/bin/../lib/gcc/arm-none-eabi/10.3.1/thumb/v7e-m+fp/hard/libgcc.a(_dvmd_tls.o)
                0x00000000080004d8                __aeabi_ldiv0
                0x00000000080004d8                __aeabi_idiv0
 *(.text*)
 .text._ZN3ros16normalizeSecNSecERmS0_
                0x00000000080004dc       0x58 ./Core/Inc/time.o
                0x00000000080004dc                ros::normalizeSecNSec(unsigned long&, unsigned long&)
 .text.main     0x0000000008000534       0x22 ./Core/Src/main.o
                0x0000000008000534                main
 *fill*         0x0000000008000556        0x2 
 .text.SystemClock_Config
                0x0000000008000558       0xbc ./Core/Src/main.o
                0x0000000008000558                SystemClock_Config
 .text.MX_USART2_UART_Init
                0x0000000008000614       0x54 ./Core/Src/main.o
 .text.MX_DMA_Init
                0x0000000008000668       0x50 ./Core/Src/main.o
 .text.MX_GPIO_Init
                0x00000000080006b8       0x34 ./Core/Src/main.o
 .text.Error_Handler
                0x00000000080006ec        0xa ./Core/Src/main.o
                0x00000000080006ec                Error_Handler
 .text._ZN3ros4TimeC2Ev
                0x00000000080006f6       0x22 ./Core/Src/mainpp.o
                0x00000000080006f6                ros::Time::Time()
                0x00000000080006f6                ros::Time::Time()
 .text._ZN3ros3MsgC2Ev
                0x0000000008000718       0x20 ./Core/Src/mainpp.o
                0x0000000008000718                ros::Msg::Msg()
                0x0000000008000718                ros::Msg::Msg()
 .text._ZN8std_msgs4TimeC2Ev
                0x0000000008000738       0x30 ./Core/Src/mainpp.o
                0x0000000008000738                std_msgs::Time::Time()
                0x0000000008000738                std_msgs::Time::Time()
 .text._ZNK8std_msgs4Time9serializeEPh
                0x0000000008000768       0xb0 ./Core/Src/mainpp.o
                0x0000000008000768                std_msgs::Time::serialize(unsigned char*) const
 .text._ZN8std_msgs4Time11deserializeEPh
                0x0000000008000818       0xc8 ./Core/Src/mainpp.o
                0x0000000008000818                std_msgs::Time::deserialize(unsigned char*)
 .text._ZN8std_msgs4Time7getTypeEv
                0x00000000080008e0       0x1c ./Core/Src/mainpp.o
                0x00000000080008e0                std_msgs::Time::getType()
 .text._ZN8std_msgs4Time6getMD5Ev
                0x00000000080008fc       0x1c ./Core/Src/mainpp.o
                0x00000000080008fc                std_msgs::Time::getMD5()
 .text._ZN14rosserial_msgs9TopicInfoC2Ev
                0x0000000008000918       0x48 ./Core/Src/mainpp.o
                0x0000000008000918                rosserial_msgs::TopicInfo::TopicInfo()
                0x0000000008000918                rosserial_msgs::TopicInfo::TopicInfo()
 .text._ZNK14rosserial_msgs9TopicInfo9serializeEPh
                0x0000000008000960      0x136 ./Core/Src/mainpp.o
                0x0000000008000960                rosserial_msgs::TopicInfo::serialize(unsigned char*) const
 .text._ZN14rosserial_msgs9TopicInfo11deserializeEPh
                0x0000000008000a96      0x1d0 ./Core/Src/mainpp.o
                0x0000000008000a96                rosserial_msgs::TopicInfo::deserialize(unsigned char*)
 *fill*         0x0000000008000c66        0x2 
 .text._ZN14rosserial_msgs9TopicInfo7getTypeEv
                0x0000000008000c68       0x1c ./Core/Src/mainpp.o
                0x0000000008000c68                rosserial_msgs::TopicInfo::getType()
 .text._ZN14rosserial_msgs9TopicInfo6getMD5Ev
                0x0000000008000c84       0x1c ./Core/Src/mainpp.o
                0x0000000008000c84                rosserial_msgs::TopicInfo::getMD5()
 .text._ZN14rosserial_msgs3LogC2Ev
                0x0000000008000ca0       0x34 ./Core/Src/mainpp.o
                0x0000000008000ca0                rosserial_msgs::Log::Log()
                0x0000000008000ca0                rosserial_msgs::Log::Log()
 .text._ZNK14rosserial_msgs3Log9serializeEPh
                0x0000000008000cd4       0x64 ./Core/Src/mainpp.o
                0x0000000008000cd4                rosserial_msgs::Log::serialize(unsigned char*) const
 .text._ZN14rosserial_msgs3Log11deserializeEPh
                0x0000000008000d38       0x90 ./Core/Src/mainpp.o
                0x0000000008000d38                rosserial_msgs::Log::deserialize(unsigned char*)
 .text._ZN14rosserial_msgs3Log7getTypeEv
                0x0000000008000dc8       0x1c ./Core/Src/mainpp.o
                0x0000000008000dc8                rosserial_msgs::Log::getType()
 .text._ZN14rosserial_msgs3Log6getMD5Ev
                0x0000000008000de4       0x1c ./Core/Src/mainpp.o
                0x0000000008000de4                rosserial_msgs::Log::getMD5()
 .text._ZN14rosserial_msgs20RequestParamResponseC2Ev
                0x0000000008000e00       0x5c ./Core/Src/mainpp.o
                0x0000000008000e00                rosserial_msgs::RequestParamResponse::RequestParamResponse()
                0x0000000008000e00                rosserial_msgs::RequestParamResponse::RequestParamResponse()
 .text._ZNK14rosserial_msgs20RequestParamResponse9serializeEPh
                0x0000000008000e5c      0x222 ./Core/Src/mainpp.o
                0x0000000008000e5c                rosserial_msgs::RequestParamResponse::serialize(unsigned char*) const
 .text._ZN14rosserial_msgs20RequestParamResponse11deserializeEPh
                0x000000000800107e      0x2e2 ./Core/Src/mainpp.o
                0x000000000800107e                rosserial_msgs::RequestParamResponse::deserialize(unsigned char*)
 .text._ZN14rosserial_msgs20RequestParamResponse7getTypeEv
                0x0000000008001360       0x1c ./Core/Src/mainpp.o
                0x0000000008001360                rosserial_msgs::RequestParamResponse::getType()
 .text._ZN14rosserial_msgs20RequestParamResponse6getMD5Ev
                0x000000000800137c       0x1c ./Core/Src/mainpp.o
                0x000000000800137c                rosserial_msgs::RequestParamResponse::getMD5()
 .text._ZN3ros9PublisherC2EPKcPNS_3MsgEi
                0x0000000008001398       0x2e ./Core/Src/mainpp.o
                0x0000000008001398                ros::Publisher::Publisher(char const*, ros::Msg*, int)
                0x0000000008001398                ros::Publisher::Publisher(char const*, ros::Msg*, int)
 .text._ZN3ros9Publisher7publishEPKNS_3MsgE
                0x00000000080013c6       0x28 ./Core/Src/mainpp.o
                0x00000000080013c6                ros::Publisher::publish(ros::Msg const*)
 .text._ZN3ros9Publisher15getEndpointTypeEv
                0x00000000080013ee       0x18 ./Core/Src/mainpp.o
                0x00000000080013ee                ros::Publisher::getEndpointType()
 .text._ZN13STM32Hardware10getRdmaIndEv
                0x0000000008001406       0x26 ./Core/Src/mainpp.o
                0x0000000008001406                STM32Hardware::getRdmaInd()
 .text._ZN13STM32HardwareC2Ev
                0x000000000800142c       0x38 ./Core/Src/mainpp.o
                0x000000000800142c                STM32Hardware::STM32Hardware()
                0x000000000800142c                STM32Hardware::STM32Hardware()
 .text._ZN13STM32Hardware4initEv
                0x0000000008001464       0x16 ./Core/Src/mainpp.o
                0x0000000008001464                STM32Hardware::init()
 .text._ZN13STM32Hardware10reset_rbufEv
                0x000000000800147a       0x22 ./Core/Src/mainpp.o
                0x000000000800147a                STM32Hardware::reset_rbuf()
 .text._ZN13STM32Hardware4readEv
                0x000000000800149c       0x5a ./Core/Src/mainpp.o
                0x000000000800149c                STM32Hardware::read()
 *fill*         0x00000000080014f6        0x2 
 .text._ZN13STM32Hardware5flushEv
                0x00000000080014f8       0xbc ./Core/Src/mainpp.o
                0x00000000080014f8                STM32Hardware::flush()
 .text._ZN13STM32Hardware5writeEPhi
                0x00000000080015b4       0x8c ./Core/Src/mainpp.o
                0x00000000080015b4                STM32Hardware::write(unsigned char*, int)
 .text._ZN13STM32Hardware4timeEv
                0x0000000008001640       0x16 ./Core/Src/mainpp.o
                0x0000000008001640                STM32Hardware::time()
 *fill*         0x0000000008001656        0x2 
 .text._ZN8std_msgs6StringC2Ev
                0x0000000008001658       0x30 ./Core/Src/mainpp.o
                0x0000000008001658                std_msgs::String::String()
                0x0000000008001658                std_msgs::String::String()
 .text._ZNK8std_msgs6String9serializeEPh
                0x0000000008001688       0x52 ./Core/Src/mainpp.o
                0x0000000008001688                std_msgs::String::serialize(unsigned char*) const
 .text._ZN8std_msgs6String11deserializeEPh
                0x00000000080016da       0x7e ./Core/Src/mainpp.o
                0x00000000080016da                std_msgs::String::deserialize(unsigned char*)
 .text._ZN8std_msgs6String7getTypeEv
                0x0000000008001758       0x1c ./Core/Src/mainpp.o
                0x0000000008001758                std_msgs::String::getType()
 .text._ZN8std_msgs6String6getMD5Ev
                0x0000000008001774       0x1c ./Core/Src/mainpp.o
                0x0000000008001774                std_msgs::String::getMD5()
 .text._ZN3ros15NodeHandleBase_C2Ev
                0x0000000008001790       0x20 ./Core/Src/mainpp.o
                0x0000000008001790                ros::NodeHandleBase_::NodeHandleBase_()
                0x0000000008001790                ros::NodeHandleBase_::NodeHandleBase_()
 .text._ZN3ros11NodeHandle_I13STM32HardwareLi25ELi25ELi512ELi512EEC2Ev
                0x00000000080017b0       0xf0 ./Core/Src/mainpp.o
                0x00000000080017b0                ros::NodeHandle_<STM32Hardware, 25, 25, 512, 512>::NodeHandle_()
                0x00000000080017b0                ros::NodeHandle_<STM32Hardware, 25, 25, 512, 512>::NodeHandle_()
 .text.HAL_UART_TxCpltCallback
                0x00000000080018a0       0x24 ./Core/Src/mainpp.o
                0x00000000080018a0                HAL_UART_TxCpltCallback
 .text.HAL_UART_RxCpltCallback
                0x00000000080018c4       0x24 ./Core/Src/mainpp.o
                0x00000000080018c4                HAL_UART_RxCpltCallback
 .text.setup    0x00000000080018e8       0x20 ./Core/Src/mainpp.o
                0x00000000080018e8                setup
 .text.loop     0x0000000008001908       0x34 ./Core/Src/mainpp.o
                0x0000000008001908                loop
 .text._ZN3ros3Msg8varToArrIPhmEEvT_T0_
                0x000000000800193c       0x3c ./Core/Src/mainpp.o
                0x000000000800193c                void ros::Msg::varToArr<unsigned char*, unsigned long>(unsigned char*, unsigned long)
 .text._ZN3ros3Msg8arrToVarImPhEEvRT_T0_
                0x0000000008001978       0x4a ./Core/Src/mainpp.o
                0x0000000008001978                void ros::Msg::arrToVar<unsigned long, unsigned char*>(unsigned long&, unsigned char*)
 .text._ZN3ros11NodeHandle_I13STM32HardwareLi25ELi25ELi512ELi512EE11getHardwareEv
                0x00000000080019c2       0x18 ./Core/Src/mainpp.o
                0x00000000080019c2                ros::NodeHandle_<STM32Hardware, 25, 25, 512, 512>::getHardware()
 .text._ZN3ros11NodeHandle_I13STM32HardwareLi25ELi25ELi512ELi512EE8initNodeEv
                0x00000000080019da       0x3a ./Core/Src/mainpp.o
                0x00000000080019da                ros::NodeHandle_<STM32Hardware, 25, 25, 512, 512>::initNode()
 .text._ZN3ros11NodeHandle_I13STM32HardwareLi25ELi25ELi512ELi512EE9advertiseERNS_9PublisherE
                0x0000000008001a14       0x60 ./Core/Src/mainpp.o
                0x0000000008001a14                ros::NodeHandle_<STM32Hardware, 25, 25, 512, 512>::advertise(ros::Publisher&)
 .text._ZN3ros11NodeHandle_I13STM32HardwareLi25ELi25ELi512ELi512EE8spinOnceEv
                0x0000000008001a74      0x3dc ./Core/Src/mainpp.o
                0x0000000008001a74                ros::NodeHandle_<STM32Hardware, 25, 25, 512, 512>::spinOnce()
 .text._ZN3ros11NodeHandle_I13STM32HardwareLi25ELi25ELi512ELi512EE15requestSyncTimeEv
                0x0000000008001e50       0x3c ./Core/Src/mainpp.o
                0x0000000008001e50                ros::NodeHandle_<STM32Hardware, 25, 25, 512, 512>::requestSyncTime()
 .text._ZN3ros11NodeHandle_I13STM32HardwareLi25ELi25ELi512ELi512EE15negotiateTopicsEv
                0x0000000008001e8c      0x1be ./Core/Src/mainpp.o
                0x0000000008001e8c                ros::NodeHandle_<STM32Hardware, 25, 25, 512, 512>::negotiateTopics()
 *fill*         0x000000000800204a        0x2 
 .text._ZN3ros11NodeHandle_I13STM32HardwareLi25ELi25ELi512ELi512EE8syncTimeEPh
                0x000000000800204c       0x98 ./Core/Src/mainpp.o
                0x000000000800204c                ros::NodeHandle_<STM32Hardware, 25, 25, 512, 512>::syncTime(unsigned char*)
 .text._ZN3ros11NodeHandle_I13STM32HardwareLi25ELi25ELi512ELi512EE7publishEiPKNS_3MsgE
                0x00000000080020e4      0x128 ./Core/Src/mainpp.o
                0x00000000080020e4                ros::NodeHandle_<STM32Hardware, 25, 25, 512, 512>::publish(int, ros::Msg const*)
 .text._ZN3ros11NodeHandle_I13STM32HardwareLi25ELi25ELi512ELi512EE6setNowERKNS_4TimeE
                0x000000000800220c       0x80 ./Core/Src/mainpp.o
                0x000000000800220c                ros::NodeHandle_<STM32Hardware, 25, 25, 512, 512>::setNow(ros::Time const&)
 .text._ZN3ros11NodeHandle_I13STM32HardwareLi25ELi25ELi512ELi512EE8logerrorEPKc
                0x000000000800228c       0x1c ./Core/Src/mainpp.o
                0x000000000800228c                ros::NodeHandle_<STM32Hardware, 25, 25, 512, 512>::logerror(char const*)
 .text._ZN3ros11NodeHandle_I13STM32HardwareLi25ELi25ELi512ELi512EE3logEcPKc
                0x00000000080022a8       0x38 ./Core/Src/mainpp.o
                0x00000000080022a8                ros::NodeHandle_<STM32Hardware, 25, 25, 512, 512>::log(char, char const*)
 .text._Z41__static_initialization_and_destruction_0ii
                0x00000000080022e0       0x4c ./Core/Src/mainpp.o
 .text._ZN3ros11NodeHandle_I13STM32HardwareLi25ELi25ELi512ELi512EE9connectedEv
                0x000000000800232c       0x1a ./Core/Src/mainpp.o
                0x000000000800232c                ros::NodeHandle_<STM32Hardware, 25, 25, 512, 512>::connected()
 .text._GLOBAL__sub_I_nh
                0x0000000008002346       0x10 ./Core/Src/mainpp.o
 *fill*         0x0000000008002356        0x2 
 .text.HAL_MspInit
                0x0000000008002358       0x50 ./Core/Src/stm32f4xx_hal_msp.o
                0x0000000008002358                HAL_MspInit
 .text.HAL_UART_MspInit
                0x00000000080023a8      0x170 ./Core/Src/stm32f4xx_hal_msp.o
                0x00000000080023a8                HAL_UART_MspInit
 .text.NMI_Handler
                0x0000000008002518        0x6 ./Core/Src/stm32f4xx_it.o
                0x0000000008002518                NMI_Handler
 .text.HardFault_Handler
                0x000000000800251e        0x6 ./Core/Src/stm32f4xx_it.o
                0x000000000800251e                HardFault_Handler
 .text.MemManage_Handler
                0x0000000008002524        0x6 ./Core/Src/stm32f4xx_it.o
                0x0000000008002524                MemManage_Handler
 .text.BusFault_Handler
                0x000000000800252a        0x6 ./Core/Src/stm32f4xx_it.o
                0x000000000800252a                BusFault_Handler
 .text.UsageFault_Handler
                0x0000000008002530        0x6 ./Core/Src/stm32f4xx_it.o
                0x0000000008002530                UsageFault_Handler
 .text.SVC_Handler
                0x0000000008002536        0xe ./Core/Src/stm32f4xx_it.o
                0x0000000008002536                SVC_Handler
 .text.DebugMon_Handler
                0x0000000008002544        0xe ./Core/Src/stm32f4xx_it.o
                0x0000000008002544                DebugMon_Handler
 .text.PendSV_Handler
                0x0000000008002552        0xe ./Core/Src/stm32f4xx_it.o
                0x0000000008002552                PendSV_Handler
 .text.SysTick_Handler
                0x0000000008002560        0xc ./Core/Src/stm32f4xx_it.o
                0x0000000008002560                SysTick_Handler
 .text.DMA1_Stream5_IRQHandler
                0x000000000800256c       0x14 ./Core/Src/stm32f4xx_it.o
                0x000000000800256c                DMA1_Stream5_IRQHandler
 .text.DMA1_Stream6_IRQHandler
                0x0000000008002580       0x14 ./Core/Src/stm32f4xx_it.o
                0x0000000008002580                DMA1_Stream6_IRQHandler
 .text.USART2_IRQHandler
                0x0000000008002594       0x14 ./Core/Src/stm32f4xx_it.o
                0x0000000008002594                USART2_IRQHandler
 .text._getpid  0x00000000080025a8       0x10 ./Core/Src/syscalls.o
                0x00000000080025a8                _getpid
 .text._kill    0x00000000080025b8       0x20 ./Core/Src/syscalls.o
                0x00000000080025b8                _kill
 .text._exit    0x00000000080025d8       0x14 ./Core/Src/syscalls.o
                0x00000000080025d8                _exit
 .text._sbrk    0x00000000080025ec       0x6c ./Core/Src/sysmem.o
                0x00000000080025ec                _sbrk
 .text.SystemInit
                0x0000000008002658       0x24 ./Core/Src/system_stm32f4xx.o
                0x0000000008002658                SystemInit
 .text.Reset_Handler
                0x000000000800267c       0x50 ./Core/Startup/startup_stm32f407vgtx.o
                0x000000000800267c                Reset_Handler
 .text.Default_Handler
                0x00000000080026cc        0x2 ./Core/Startup/startup_stm32f407vgtx.o
                0x00000000080026cc                RTC_Alarm_IRQHandler
                0x00000000080026cc                HASH_RNG_IRQHandler
                0x00000000080026cc                EXTI2_IRQHandler
                0x00000000080026cc                TIM8_CC_IRQHandler
                0x00000000080026cc                TIM1_CC_IRQHandler
                0x00000000080026cc                DMA2_Stream5_IRQHandler
                0x00000000080026cc                PVD_IRQHandler
                0x00000000080026cc                SDIO_IRQHandler
                0x00000000080026cc                TAMP_STAMP_IRQHandler
                0x00000000080026cc                CAN2_RX1_IRQHandler
                0x00000000080026cc                EXTI3_IRQHandler
                0x00000000080026cc                TIM8_TRG_COM_TIM14_IRQHandler
                0x00000000080026cc                TIM1_UP_TIM10_IRQHandler
                0x00000000080026cc                TIM8_UP_TIM13_IRQHandler
                0x00000000080026cc                I2C3_ER_IRQHandler
                0x00000000080026cc                EXTI0_IRQHandler
                0x00000000080026cc                I2C2_EV_IRQHandler
                0x00000000080026cc                DMA1_Stream2_IRQHandler
                0x00000000080026cc                CAN1_RX0_IRQHandler
                0x00000000080026cc                FPU_IRQHandler
                0x00000000080026cc                OTG_HS_WKUP_IRQHandler
                0x00000000080026cc                CAN2_SCE_IRQHandler
                0x00000000080026cc                DMA2_Stream2_IRQHandler
                0x00000000080026cc                SPI1_IRQHandler
                0x00000000080026cc                TIM6_DAC_IRQHandler
                0x00000000080026cc                TIM1_BRK_TIM9_IRQHandler
                0x00000000080026cc                DCMI_IRQHandler
                0x00000000080026cc                CAN2_RX0_IRQHandler
                0x00000000080026cc                DMA2_Stream3_IRQHandler
                0x00000000080026cc                USART6_IRQHandler
                0x00000000080026cc                USART3_IRQHandler
                0x00000000080026cc                CAN1_RX1_IRQHandler
                0x00000000080026cc                UART5_IRQHandler
                0x00000000080026cc                DMA2_Stream0_IRQHandler
                0x00000000080026cc                TIM4_IRQHandler
                0x00000000080026cc                I2C1_EV_IRQHandler
                0x00000000080026cc                DMA1_Stream1_IRQHandler
                0x00000000080026cc                UART4_IRQHandler
                0x00000000080026cc                TIM3_IRQHandler
                0x00000000080026cc                RCC_IRQHandler
                0x00000000080026cc                TIM8_BRK_TIM12_IRQHandler
                0x00000000080026cc                Default_Handler
                0x00000000080026cc                EXTI15_10_IRQHandler
                0x00000000080026cc                ADC_IRQHandler
                0x00000000080026cc                DMA1_Stream7_IRQHandler
                0x00000000080026cc                TIM7_IRQHandler
                0x00000000080026cc                CAN2_TX_IRQHandler
                0x00000000080026cc                TIM5_IRQHandler
                0x00000000080026cc                DMA2_Stream7_IRQHandler
                0x00000000080026cc                I2C3_EV_IRQHandler
                0x00000000080026cc                EXTI9_5_IRQHandler
                0x00000000080026cc                RTC_WKUP_IRQHandler
                0x00000000080026cc                ETH_WKUP_IRQHandler
                0x00000000080026cc                SPI2_IRQHandler
                0x00000000080026cc                OTG_HS_EP1_IN_IRQHandler
                0x00000000080026cc                DMA1_Stream0_IRQHandler
                0x00000000080026cc                CAN1_TX_IRQHandler
                0x00000000080026cc                EXTI4_IRQHandler
                0x00000000080026cc                FSMC_IRQHandler
                0x00000000080026cc                ETH_IRQHandler
                0x00000000080026cc                OTG_HS_EP1_OUT_IRQHandler
                0x00000000080026cc                WWDG_IRQHandler
                0x00000000080026cc                TIM2_IRQHandler
                0x00000000080026cc                OTG_FS_WKUP_IRQHandler
                0x00000000080026cc                TIM1_TRG_COM_TIM11_IRQHandler
                0x00000000080026cc                OTG_HS_IRQHandler
                0x00000000080026cc                EXTI1_IRQHandler
                0x00000000080026cc                I2C2_ER_IRQHandler
                0x00000000080026cc                DMA2_Stream1_IRQHandler
                0x00000000080026cc                CAN1_SCE_IRQHandler
                0x00000000080026cc                FLASH_IRQHandler
                0x00000000080026cc                DMA2_Stream4_IRQHandler
                0x00000000080026cc                USART1_IRQHandler
                0x00000000080026cc                OTG_FS_IRQHandler
                0x00000000080026cc                SPI3_IRQHandler
                0x00000000080026cc                DMA1_Stream4_IRQHandler
                0x00000000080026cc                I2C1_ER_IRQHandler
                0x00000000080026cc                DMA2_Stream6_IRQHandler
                0x00000000080026cc                DMA1_Stream3_IRQHandler
 *fill*         0x00000000080026ce        0x2 
 .text.HAL_Init
                0x00000000080026d0       0x44 ./Drivers/STM32F4xx_HAL_Driver/Src/stm32f4xx_hal.o
                0x00000000080026d0                HAL_Init
 .text.HAL_InitTick
                0x0000000008002714       0x60 ./Drivers/STM32F4xx_HAL_Driver/Src/stm32f4xx_hal.o
                0x0000000008002714                HAL_InitTick
 .text.HAL_IncTick
                0x0000000008002774       0x28 ./Drivers/STM32F4xx_HAL_Driver/Src/stm32f4xx_hal.o
                0x0000000008002774                HAL_IncTick
 .text.HAL_GetTick
                0x000000000800279c       0x18 ./Drivers/STM32F4xx_HAL_Driver/Src/stm32f4xx_hal.o
                0x000000000800279c                HAL_GetTick
 .text.HAL_Delay
                0x00000000080027b4       0x48 ./Drivers/STM32F4xx_HAL_Driver/Src/stm32f4xx_hal.o
                0x00000000080027b4                HAL_Delay
 .text.__NVIC_SetPriorityGrouping
                0x00000000080027fc       0x48 ./Drivers/STM32F4xx_HAL_Driver/Src/stm32f4xx_hal_cortex.o
 .text.__NVIC_GetPriorityGrouping
                0x0000000008002844       0x1c ./Drivers/STM32F4xx_HAL_Driver/Src/stm32f4xx_hal_cortex.o
 .text.__NVIC_EnableIRQ
                0x0000000008002860       0x3c ./Drivers/STM32F4xx_HAL_Driver/Src/stm32f4xx_hal_cortex.o
 .text.__NVIC_SetPriority
                0x000000000800289c       0x54 ./Drivers/STM32F4xx_HAL_Driver/Src/stm32f4xx_hal_cortex.o
 .text.NVIC_EncodePriority
                0x00000000080028f0       0x66 ./Drivers/STM32F4xx_HAL_Driver/Src/stm32f4xx_hal_cortex.o
 *fill*         0x0000000008002956        0x2 
 .text.SysTick_Config
                0x0000000008002958       0x44 ./Drivers/STM32F4xx_HAL_Driver/Src/stm32f4xx_hal_cortex.o
 .text.HAL_NVIC_SetPriorityGrouping
                0x000000000800299c       0x16 ./Drivers/STM32F4xx_HAL_Driver/Src/stm32f4xx_hal_cortex.o
                0x000000000800299c                HAL_NVIC_SetPriorityGrouping
 .text.HAL_NVIC_SetPriority
                0x00000000080029b2       0x38 ./Drivers/STM32F4xx_HAL_Driver/Src/stm32f4xx_hal_cortex.o
                0x00000000080029b2                HAL_NVIC_SetPriority
 .text.HAL_NVIC_EnableIRQ
                0x00000000080029ea       0x1c ./Drivers/STM32F4xx_HAL_Driver/Src/stm32f4xx_hal_cortex.o
                0x00000000080029ea                HAL_NVIC_EnableIRQ
 .text.HAL_SYSTICK_Config
                0x0000000008002a06       0x18 ./Drivers/STM32F4xx_HAL_Driver/Src/stm32f4xx_hal_cortex.o
                0x0000000008002a06                HAL_SYSTICK_Config
 *fill*         0x0000000008002a1e        0x2 
 .text.HAL_DMA_Init
                0x0000000008002a20      0x15c ./Drivers/STM32F4xx_HAL_Driver/Src/stm32f4xx_hal_dma.o
                0x0000000008002a20                HAL_DMA_Init
 .text.HAL_DMA_Start_IT
                0x0000000008002b7c       0xb0 ./Drivers/STM32F4xx_HAL_Driver/Src/stm32f4xx_hal_dma.o
                0x0000000008002b7c                HAL_DMA_Start_IT
 .text.HAL_DMA_Abort
                0x0000000008002c2c       0xe0 ./Drivers/STM32F4xx_HAL_Driver/Src/stm32f4xx_hal_dma.o
                0x0000000008002c2c                HAL_DMA_Abort
 .text.HAL_DMA_Abort_IT
                0x0000000008002d0c       0x44 ./Drivers/STM32F4xx_HAL_Driver/Src/stm32f4xx_hal_dma.o
                0x0000000008002d0c                HAL_DMA_Abort_IT
 .text.HAL_DMA_IRQHandler
                0x0000000008002d50      0x314 ./Drivers/STM32F4xx_HAL_Driver/Src/stm32f4xx_hal_dma.o
                0x0000000008002d50                HAL_DMA_IRQHandler
 .text.DMA_SetConfig
                0x0000000008003064       0x5c ./Drivers/STM32F4xx_HAL_Driver/Src/stm32f4xx_hal_dma.o
 .text.DMA_CalcBaseAndBitshift
                0x00000000080030c0       0x6c ./Drivers/STM32F4xx_HAL_Driver/Src/stm32f4xx_hal_dma.o
 .text.DMA_CheckFifoParam
                0x000000000800312c       0xf8 ./Drivers/STM32F4xx_HAL_Driver/Src/stm32f4xx_hal_dma.o
 .text.HAL_GPIO_Init
                0x0000000008003224      0x338 ./Drivers/STM32F4xx_HAL_Driver/Src/stm32f4xx_hal_gpio.o
                0x0000000008003224                HAL_GPIO_Init
 .text.HAL_RCC_OscConfig
                0x000000000800355c      0x4f0 ./Drivers/STM32F4xx_HAL_Driver/Src/stm32f4xx_hal_rcc.o
                0x000000000800355c                HAL_RCC_OscConfig
 .text.HAL_RCC_ClockConfig
                0x0000000008003a4c      0x1cc ./Drivers/STM32F4xx_HAL_Driver/Src/stm32f4xx_hal_rcc.o
                0x0000000008003a4c                HAL_RCC_ClockConfig
 .text.HAL_RCC_GetSysClockFreq
                0x0000000008003c18      0x18c ./Drivers/STM32F4xx_HAL_Driver/Src/stm32f4xx_hal_rcc.o
                0x0000000008003c18                HAL_RCC_GetSysClockFreq
 .text.HAL_RCC_GetHCLKFreq
                0x0000000008003da4       0x18 ./Drivers/STM32F4xx_HAL_Driver/Src/stm32f4xx_hal_rcc.o
                0x0000000008003da4                HAL_RCC_GetHCLKFreq
 .text.HAL_RCC_GetPCLK1Freq
                0x0000000008003dbc       0x28 ./Drivers/STM32F4xx_HAL_Driver/Src/stm32f4xx_hal_rcc.o
                0x0000000008003dbc                HAL_RCC_GetPCLK1Freq
 .text.HAL_RCC_GetPCLK2Freq
                0x0000000008003de4       0x28 ./Drivers/STM32F4xx_HAL_Driver/Src/stm32f4xx_hal_rcc.o
                0x0000000008003de4                HAL_RCC_GetPCLK2Freq
 .text.HAL_UART_Init
                0x0000000008003e0c       0x9a ./Drivers/STM32F4xx_HAL_Driver/Src/stm32f4xx_hal_uart.o
                0x0000000008003e0c                HAL_UART_Init
 *fill*         0x0000000008003ea6        0x2 
 .text.HAL_UART_Transmit_DMA
                0x0000000008003ea8       0xfc ./Drivers/STM32F4xx_HAL_Driver/Src/stm32f4xx_hal_uart.o
                0x0000000008003ea8                HAL_UART_Transmit_DMA
 .text.HAL_UART_Receive_DMA
                0x0000000008003fa4       0x60 ./Drivers/STM32F4xx_HAL_Driver/Src/stm32f4xx_hal_uart.o
                0x0000000008003fa4                HAL_UART_Receive_DMA
 .text.HAL_UART_IRQHandler
                0x0000000008004004      0x51c ./Drivers/STM32F4xx_HAL_Driver/Src/stm32f4xx_hal_uart.o
                0x0000000008004004                HAL_UART_IRQHandler
 .text.HAL_UART_TxHalfCpltCallback
                0x0000000008004520       0x14 ./Drivers/STM32F4xx_HAL_Driver/Src/stm32f4xx_hal_uart.o
                0x0000000008004520                HAL_UART_TxHalfCpltCallback
 .text.HAL_UART_RxHalfCpltCallback
                0x0000000008004534       0x14 ./Drivers/STM32F4xx_HAL_Driver/Src/stm32f4xx_hal_uart.o
                0x0000000008004534                HAL_UART_RxHalfCpltCallback
 .text.HAL_UART_ErrorCallback
                0x0000000008004548       0x14 ./Drivers/STM32F4xx_HAL_Driver/Src/stm32f4xx_hal_uart.o
                0x0000000008004548                HAL_UART_ErrorCallback
 .text.HAL_UARTEx_RxEventCallback
                0x000000000800455c       0x18 ./Drivers/STM32F4xx_HAL_Driver/Src/stm32f4xx_hal_uart.o
                0x000000000800455c                HAL_UARTEx_RxEventCallback
 .text.UART_DMATransmitCplt
                0x0000000008004574       0x9a ./Drivers/STM32F4xx_HAL_Driver/Src/stm32f4xx_hal_uart.o
 .text.UART_DMATxHalfCplt
                0x000000000800460e       0x1c ./Drivers/STM32F4xx_HAL_Driver/Src/stm32f4xx_hal_uart.o
 .text.UART_DMAReceiveCplt
                0x000000000800462a      0x126 ./Drivers/STM32F4xx_HAL_Driver/Src/stm32f4xx_hal_uart.o
 .text.UART_DMARxHalfCplt
                0x0000000008004750       0x36 ./Drivers/STM32F4xx_HAL_Driver/Src/stm32f4xx_hal_uart.o
 .text.UART_DMAError
                0x0000000008004786       0x94 ./Drivers/STM32F4xx_HAL_Driver/Src/stm32f4xx_hal_uart.o
 *fill*         0x000000000800481a        0x2 
 .text.UART_Start_Receive_DMA
                0x000000000800481c      0x13c ./Drivers/STM32F4xx_HAL_Driver/Src/stm32f4xx_hal_uart.o
                0x000000000800481c                UART_Start_Receive_DMA
 .text.UART_EndTxTransfer
                0x0000000008004958       0x50 ./Drivers/STM32F4xx_HAL_Driver/Src/stm32f4xx_hal_uart.o
 .text.UART_EndRxTransfer
                0x00000000080049a8       0xc6 ./Drivers/STM32F4xx_HAL_Driver/Src/stm32f4xx_hal_uart.o
 .text.UART_DMAAbortOnError
                0x0000000008004a6e       0x28 ./Drivers/STM32F4xx_HAL_Driver/Src/stm32f4xx_hal_uart.o
 .text.UART_Transmit_IT
                0x0000000008004a96       0xa0 ./Drivers/STM32F4xx_HAL_Driver/Src/stm32f4xx_hal_uart.o
 .text.UART_EndTransmit_IT
                0x0000000008004b36       0x30 ./Drivers/STM32F4xx_HAL_Driver/Src/stm32f4xx_hal_uart.o
 .text.UART_Receive_IT
                0x0000000008004b66      0x176 ./Drivers/STM32F4xx_HAL_Driver/Src/stm32f4xx_hal_uart.o
 .text.UART_SetConfig
                0x0000000008004cdc      0x4e8 ./Drivers/STM32F4xx_HAL_Driver/Src/stm32f4xx_hal_uart.o
 .text.__cxa_pure_virtual
                0x00000000080051c4        0x6 /home/ledat/en.st-stm32cubeide_1.11.0_13638_20221122_1308_amd64.sh/makeself_dir_hdZ19U/y/plugins/com.st.stm32cube.ide.mcu.externaltools.gnu-tools-for-stm32.10.3-2021.10.linux64_1.0.100.202210260954/tools/bin/../lib/gcc/arm-none-eabi/10.3.1/../../../../arm-none-eabi/lib/thumb/v7e-m+fp/hard/libstdc++_nano.a(pure.o)
                0x00000000080051c4                __cxa_pure_virtual
 .text._ZN10__cxxabiv111__terminateEPFvvE
                0x00000000080051ca        0x8 /home/ledat/en.st-stm32cubeide_1.11.0_13638_20221122_1308_amd64.sh/makeself_dir_hdZ19U/y/plugins/com.st.stm32cube.ide.mcu.externaltools.gnu-tools-for-stm32.10.3-2021.10.linux64_1.0.100.202210260954/tools/bin/../lib/gcc/arm-none-eabi/10.3.1/../../../../arm-none-eabi/lib/thumb/v7e-m+fp/hard/libstdc++_nano.a(eh_terminate.o)
                0x00000000080051ca                __cxxabiv1::__terminate(void (*)())
 *fill*         0x00000000080051d2        0x2 
 .text._ZSt13get_terminatev
                0x00000000080051d4       0x10 /home/ledat/en.st-stm32cubeide_1.11.0_13638_20221122_1308_amd64.sh/makeself_dir_hdZ19U/y/plugins/com.st.stm32cube.ide.mcu.externaltools.gnu-tools-for-stm32.10.3-2021.10.linux64_1.0.100.202210260954/tools/bin/../lib/gcc/arm-none-eabi/10.3.1/../../../../arm-none-eabi/lib/thumb/v7e-m+fp/hard/libstdc++_nano.a(eh_terminate.o)
                0x00000000080051d4                std::get_terminate()
 .text._ZSt9terminatev
                0x00000000080051e4        0xa /home/ledat/en.st-stm32cubeide_1.11.0_13638_20221122_1308_amd64.sh/makeself_dir_hdZ19U/y/plugins/com.st.stm32cube.ide.mcu.externaltools.gnu-tools-for-stm32.10.3-2021.10.linux64_1.0.100.202210260954/tools/bin/../lib/gcc/arm-none-eabi/10.3.1/../../../../arm-none-eabi/lib/thumb/v7e-m+fp/hard/libstdc++_nano.a(eh_terminate.o)
                0x00000000080051e4                std::terminate()
 .text.abort    0x00000000080051ee        0xe /home/ledat/en.st-stm32cubeide_1.11.0_13638_20221122_1308_amd64.sh/makeself_dir_hdZ19U/y/plugins/com.st.stm32cube.ide.mcu.externaltools.gnu-tools-for-stm32.10.3-2021.10.linux64_1.0.100.202210260954/tools/bin/../lib/gcc/arm-none-eabi/10.3.1/../../../../arm-none-eabi/lib/thumb/v7e-m+fp/hard/libc_nano.a(lib_a-abort.o)
                0x00000000080051ee                abort
 .text.__errno  0x00000000080051fc        0xc /home/ledat/en.st-stm32cubeide_1.11.0_13638_20221122_1308_amd64.sh/makeself_dir_hdZ19U/y/plugins/com.st.stm32cube.ide.mcu.externaltools.gnu-tools-for-stm32.10.3-2021.10.linux64_1.0.100.202210260954/tools/bin/../lib/gcc/arm-none-eabi/10.3.1/../../../../arm-none-eabi/lib/thumb/v7e-m+fp/hard/libc_nano.a(lib_a-errno.o)
                0x00000000080051fc                __errno
 .text.__libc_init_array
                0x0000000008005208       0x48 /home/ledat/en.st-stm32cubeide_1.11.0_13638_20221122_1308_amd64.sh/makeself_dir_hdZ19U/y/plugins/com.st.stm32cube.ide.mcu.externaltools.gnu-tools-for-stm32.10.3-2021.10.linux64_1.0.100.202210260954/tools/bin/../lib/gcc/arm-none-eabi/10.3.1/../../../../arm-none-eabi/lib/thumb/v7e-m+fp/hard/libc_nano.a(lib_a-init.o)
                0x0000000008005208                __libc_init_array
 .text.memcpy   0x0000000008005250       0x1c /home/ledat/en.st-stm32cubeide_1.11.0_13638_20221122_1308_amd64.sh/makeself_dir_hdZ19U/y/plugins/com.st.stm32cube.ide.mcu.externaltools.gnu-tools-for-stm32.10.3-2021.10.linux64_1.0.100.202210260954/tools/bin/../lib/gcc/arm-none-eabi/10.3.1/../../../../arm-none-eabi/lib/thumb/v7e-m+fp/hard/libc_nano.a(lib_a-memcpy-stub.o)
                0x0000000008005250                memcpy
 .text.memset   0x000000000800526c       0x10 /home/ledat/en.st-stm32cubeide_1.11.0_13638_20221122_1308_amd64.sh/makeself_dir_hdZ19U/y/plugins/com.st.stm32cube.ide.mcu.externaltools.gnu-tools-for-stm32.10.3-2021.10.linux64_1.0.100.202210260954/tools/bin/../lib/gcc/arm-none-eabi/10.3.1/../../../../arm-none-eabi/lib/thumb/v7e-m+fp/hard/libc_nano.a(lib_a-memset.o)
                0x000000000800526c                memset
 .text.realloc  0x000000000800527c       0x10 /home/ledat/en.st-stm32cubeide_1.11.0_13638_20221122_1308_amd64.sh/makeself_dir_hdZ19U/y/plugins/com.st.stm32cube.ide.mcu.externaltools.gnu-tools-for-stm32.10.3-2021.10.linux64_1.0.100.202210260954/tools/bin/../lib/gcc/arm-none-eabi/10.3.1/../../../../arm-none-eabi/lib/thumb/v7e-m+fp/hard/libc_nano.a(lib_a-realloc.o)
                0x000000000800527c                realloc
 .text._raise_r
                0x000000000800528c       0x50 /home/ledat/en.st-stm32cubeide_1.11.0_13638_20221122_1308_amd64.sh/makeself_dir_hdZ19U/y/plugins/com.st.stm32cube.ide.mcu.externaltools.gnu-tools-for-stm32.10.3-2021.10.linux64_1.0.100.202210260954/tools/bin/../lib/gcc/arm-none-eabi/10.3.1/../../../../arm-none-eabi/lib/thumb/v7e-m+fp/hard/libc_nano.a(lib_a-signal.o)
                0x000000000800528c                _raise_r
 .text.raise    0x00000000080052dc       0x10 /home/ledat/en.st-stm32cubeide_1.11.0_13638_20221122_1308_amd64.sh/makeself_dir_hdZ19U/y/plugins/com.st.stm32cube.ide.mcu.externaltools.gnu-tools-for-stm32.10.3-2021.10.linux64_1.0.100.202210260954/tools/bin/../lib/gcc/arm-none-eabi/10.3.1/../../../../arm-none-eabi/lib/thumb/v7e-m+fp/hard/libc_nano.a(lib_a-signal.o)
                0x00000000080052dc                raise
 .text._kill_r  0x00000000080052ec       0x24 /home/ledat/en.st-stm32cubeide_1.11.0_13638_20221122_1308_amd64.sh/makeself_dir_hdZ19U/y/plugins/com.st.stm32cube.ide.mcu.externaltools.gnu-tools-for-stm32.10.3-2021.10.linux64_1.0.100.202210260954/tools/bin/../lib/gcc/arm-none-eabi/10.3.1/../../../../arm-none-eabi/lib/thumb/v7e-m+fp/hard/libc_nano.a(lib_a-signalr.o)
                0x00000000080052ec                _kill_r
 .text._getpid_r
                0x0000000008005310        0x4 /home/ledat/en.st-stm32cubeide_1.11.0_13638_20221122_1308_amd64.sh/makeself_dir_hdZ19U/y/plugins/com.st.stm32cube.ide.mcu.externaltools.gnu-tools-for-stm32.10.3-2021.10.linux64_1.0.100.202210260954/tools/bin/../lib/gcc/arm-none-eabi/10.3.1/../../../../arm-none-eabi/lib/thumb/v7e-m+fp/hard/libc_nano.a(lib_a-signalr.o)
                0x0000000008005310                _getpid_r
 .text.sbrk_aligned
                0x0000000008005314       0x40 /home/ledat/en.st-stm32cubeide_1.11.0_13638_20221122_1308_amd64.sh/makeself_dir_hdZ19U/y/plugins/com.st.stm32cube.ide.mcu.externaltools.gnu-tools-for-stm32.10.3-2021.10.linux64_1.0.100.202210260954/tools/bin/../lib/gcc/arm-none-eabi/10.3.1/../../../../arm-none-eabi/lib/thumb/v7e-m+fp/hard/libc_nano.a(lib_a-nano-mallocr.o)
 .text._malloc_r
                0x0000000008005354       0xe8 /home/ledat/en.st-stm32cubeide_1.11.0_13638_20221122_1308_amd64.sh/makeself_dir_hdZ19U/y/plugins/com.st.stm32cube.ide.mcu.externaltools.gnu-tools-for-stm32.10.3-2021.10.linux64_1.0.100.202210260954/tools/bin/../lib/gcc/arm-none-eabi/10.3.1/../../../../arm-none-eabi/lib/thumb/v7e-m+fp/hard/libc_nano.a(lib_a-nano-mallocr.o)
                0x0000000008005354                _malloc_r
 .text._realloc_r
                0x000000000800543c       0x5e /home/ledat/en.st-stm32cubeide_1.11.0_13638_20221122_1308_amd64.sh/makeself_dir_hdZ19U/y/plugins/com.st.stm32cube.ide.mcu.externaltools.gnu-tools-for-stm32.10.3-2021.10.linux64_1.0.100.202210260954/tools/bin/../lib/gcc/arm-none-eabi/10.3.1/../../../../arm-none-eabi/lib/thumb/v7e-m+fp/hard/libc_nano.a(lib_a-nano-reallocr.o)
                0x000000000800543c                _realloc_r
 *fill*         0x000000000800549a        0x2 
 .text._sbrk_r  0x000000000800549c       0x20 /home/ledat/en.st-stm32cubeide_1.11.0_13638_20221122_1308_amd64.sh/makeself_dir_hdZ19U/y/plugins/com.st.stm32cube.ide.mcu.externaltools.gnu-tools-for-stm32.10.3-2021.10.linux64_1.0.100.202210260954/tools/bin/../lib/gcc/arm-none-eabi/10.3.1/../../../../arm-none-eabi/lib/thumb/v7e-m+fp/hard/libc_nano.a(lib_a-sbrkr.o)
                0x000000000800549c                _sbrk_r
 .text.__malloc_lock
                0x00000000080054bc        0xc /home/ledat/en.st-stm32cubeide_1.11.0_13638_20221122_1308_amd64.sh/makeself_dir_hdZ19U/y/plugins/com.st.stm32cube.ide.mcu.externaltools.gnu-tools-for-stm32.10.3-2021.10.linux64_1.0.100.202210260954/tools/bin/../lib/gcc/arm-none-eabi/10.3.1/../../../../arm-none-eabi/lib/thumb/v7e-m+fp/hard/libc_nano.a(lib_a-mlock.o)
                0x00000000080054bc                __malloc_lock
 .text.__malloc_unlock
                0x00000000080054c8        0xc /home/ledat/en.st-stm32cubeide_1.11.0_13638_20221122_1308_amd64.sh/makeself_dir_hdZ19U/y/plugins/com.st.stm32cube.ide.mcu.externaltools.gnu-tools-for-stm32.10.3-2021.10.linux64_1.0.100.202210260954/tools/bin/../lib/gcc/arm-none-eabi/10.3.1/../../../../arm-none-eabi/lib/thumb/v7e-m+fp/hard/libc_nano.a(lib_a-mlock.o)
                0x00000000080054c8                __malloc_unlock
 .text._free_r  0x00000000080054d4       0x98 /home/ledat/en.st-stm32cubeide_1.11.0_13638_20221122_1308_amd64.sh/makeself_dir_hdZ19U/y/plugins/com.st.stm32cube.ide.mcu.externaltools.gnu-tools-for-stm32.10.3-2021.10.linux64_1.0.100.202210260954/tools/bin/../lib/gcc/arm-none-eabi/10.3.1/../../../../arm-none-eabi/lib/thumb/v7e-m+fp/hard/libc_nano.a(lib_a-nano-freer.o)
                0x00000000080054d4                _free_r
 .text._malloc_usable_size_r
                0x000000000800556c       0x10 /home/ledat/en.st-stm32cubeide_1.11.0_13638_20221122_1308_amd64.sh/makeself_dir_hdZ19U/y/plugins/com.st.stm32cube.ide.mcu.externaltools.gnu-tools-for-stm32.10.3-2021.10.linux64_1.0.100.202210260954/tools/bin/../lib/gcc/arm-none-eabi/10.3.1/../../../../arm-none-eabi/lib/thumb/v7e-m+fp/hard/libc_nano.a(lib_a-nano-msizer.o)
                0x000000000800556c                _malloc_usable_size_r
 .text.__retarget_lock_acquire_recursive
                0x000000000800557c        0x2 /home/ledat/en.st-stm32cubeide_1.11.0_13638_20221122_1308_amd64.sh/makeself_dir_hdZ19U/y/plugins/com.st.stm32cube.ide.mcu.externaltools.gnu-tools-for-stm32.10.3-2021.10.linux64_1.0.100.202210260954/tools/bin/../lib/gcc/arm-none-eabi/10.3.1/../../../../arm-none-eabi/lib/thumb/v7e-m+fp/hard/libc_nano.a(lib_a-lock.o)
                0x000000000800557c                __retarget_lock_acquire_recursive
 .text.__retarget_lock_release_recursive
                0x000000000800557e        0x2 /home/ledat/en.st-stm32cubeide_1.11.0_13638_20221122_1308_amd64.sh/makeself_dir_hdZ19U/y/plugins/com.st.stm32cube.ide.mcu.externaltools.gnu-tools-for-stm32.10.3-2021.10.linux64_1.0.100.202210260954/tools/bin/../lib/gcc/arm-none-eabi/10.3.1/../../../../arm-none-eabi/lib/thumb/v7e-m+fp/hard/libc_nano.a(lib_a-lock.o)
                0x000000000800557e                __retarget_lock_release_recursive
 *(.glue_7)
 .glue_7        0x0000000008005580        0x0 linker stubs
 *(.glue_7t)
 .glue_7t       0x0000000008005580        0x0 linker stubs
 *(.eh_frame)
 .eh_frame      0x0000000008005580        0x0 /home/ledat/en.st-stm32cubeide_1.11.0_13638_20221122_1308_amd64.sh/makeself_dir_hdZ19U/y/plugins/com.st.stm32cube.ide.mcu.externaltools.gnu-tools-for-stm32.10.3-2021.10.linux64_1.0.100.202210260954/tools/bin/../lib/gcc/arm-none-eabi/10.3.1/thumb/v7e-m+fp/hard/crtbegin.o
 *(.init)
 .init          0x0000000008005580        0x4 /home/ledat/en.st-stm32cubeide_1.11.0_13638_20221122_1308_amd64.sh/makeself_dir_hdZ19U/y/plugins/com.st.stm32cube.ide.mcu.externaltools.gnu-tools-for-stm32.10.3-2021.10.linux64_1.0.100.202210260954/tools/bin/../lib/gcc/arm-none-eabi/10.3.1/thumb/v7e-m+fp/hard/crti.o
                0x0000000008005580                _init
 .init          0x0000000008005584        0x8 /home/ledat/en.st-stm32cubeide_1.11.0_13638_20221122_1308_amd64.sh/makeself_dir_hdZ19U/y/plugins/com.st.stm32cube.ide.mcu.externaltools.gnu-tools-for-stm32.10.3-2021.10.linux64_1.0.100.202210260954/tools/bin/../lib/gcc/arm-none-eabi/10.3.1/thumb/v7e-m+fp/hard/crtn.o
 *(.fini)
 .fini          0x000000000800558c        0x4 /home/ledat/en.st-stm32cubeide_1.11.0_13638_20221122_1308_amd64.sh/makeself_dir_hdZ19U/y/plugins/com.st.stm32cube.ide.mcu.externaltools.gnu-tools-for-stm32.10.3-2021.10.linux64_1.0.100.202210260954/tools/bin/../lib/gcc/arm-none-eabi/10.3.1/thumb/v7e-m+fp/hard/crti.o
                0x000000000800558c                _fini
 .fini          0x0000000008005590        0x8 /home/ledat/en.st-stm32cubeide_1.11.0_13638_20221122_1308_amd64.sh/makeself_dir_hdZ19U/y/plugins/com.st.stm32cube.ide.mcu.externaltools.gnu-tools-for-stm32.10.3-2021.10.linux64_1.0.100.202210260954/tools/bin/../lib/gcc/arm-none-eabi/10.3.1/thumb/v7e-m+fp/hard/crtn.o
                0x0000000008005598                . = ALIGN (0x4)
                0x0000000008005598                _etext = .

.vfp11_veneer   0x0000000008005598        0x0
 .vfp11_veneer  0x0000000008005598        0x0 linker stubs

.v4_bx          0x0000000008005598        0x0
 .v4_bx         0x0000000008005598        0x0 linker stubs

.iplt           0x0000000008005598        0x0
 .iplt          0x0000000008005598        0x0 /home/ledat/en.st-stm32cubeide_1.11.0_13638_20221122_1308_amd64.sh/makeself_dir_hdZ19U/y/plugins/com.st.stm32cube.ide.mcu.externaltools.gnu-tools-for-stm32.10.3-2021.10.linux64_1.0.100.202210260954/tools/bin/../lib/gcc/arm-none-eabi/10.3.1/thumb/v7e-m+fp/hard/crtbegin.o

.rodata         0x0000000008005598      0x240
                0x0000000008005598                . = ALIGN (0x4)
 *(.rodata)
 .rodata        0x0000000008005598      0x14c ./Core/Src/mainpp.o
 *(.rodata*)
 .rodata._ZN14rosserial_msgsL12REQUESTPARAME
                0x00000000080056e4       0x1c ./Core/Src/mainpp.o
 .rodata._ZTVN3ros11NodeHandle_I13STM32HardwareLi25ELi25ELi512ELi512EEE
                0x0000000008005700       0x14 ./Core/Src/mainpp.o
                0x0000000008005700                vtable for ros::NodeHandle_<STM32Hardware, 25, 25, 512, 512>
 .rodata._ZTVN8std_msgs6StringE
                0x0000000008005714       0x18 ./Core/Src/mainpp.o
                0x0000000008005714                vtable for std_msgs::String
 .rodata._ZTVN3ros15NodeHandleBase_E
                0x000000000800572c       0x14 ./Core/Src/mainpp.o
                0x000000000800572c                vtable for ros::NodeHandleBase_
 .rodata._ZTVN14rosserial_msgs20RequestParamResponseE
                0x0000000008005740       0x18 ./Core/Src/mainpp.o
                0x0000000008005740                vtable for rosserial_msgs::RequestParamResponse
 .rodata._ZTVN14rosserial_msgs3LogE
                0x0000000008005758       0x18 ./Core/Src/mainpp.o
                0x0000000008005758                vtable for rosserial_msgs::Log
 .rodata._ZTVN14rosserial_msgs9TopicInfoE
                0x0000000008005770       0x18 ./Core/Src/mainpp.o
                0x0000000008005770                vtable for rosserial_msgs::TopicInfo
 .rodata._ZTVN8std_msgs4TimeE
                0x0000000008005788       0x18 ./Core/Src/mainpp.o
                0x0000000008005788                vtable for std_msgs::Time
 .rodata._ZTVN3ros3MsgE
                0x00000000080057a0       0x18 ./Core/Src/mainpp.o
                0x00000000080057a0                vtable for ros::Msg
 .rodata.AHBPrescTable
                0x00000000080057b8       0x10 ./Core/Src/system_stm32f4xx.o
                0x00000000080057b8                AHBPrescTable
 .rodata.APBPrescTable
                0x00000000080057c8        0x8 ./Core/Src/system_stm32f4xx.o
                0x00000000080057c8                APBPrescTable
 .rodata.flagBitshiftOffset.0
                0x00000000080057d0        0x8 ./Drivers/STM32F4xx_HAL_Driver/Src/stm32f4xx_hal_dma.o
                0x00000000080057d8                . = ALIGN (0x4)

.ARM.extab      0x00000000080057d8        0x0
                0x00000000080057d8                . = ALIGN (0x4)
 *(.ARM.extab* .gnu.linkonce.armextab.*)
                0x00000000080057d8                . = ALIGN (0x4)

.ARM            0x00000000080057d8        0x8
                0x00000000080057d8                . = ALIGN (0x4)
                0x00000000080057d8                __exidx_start = .
 *(.ARM.exidx*)
 .ARM.exidx     0x00000000080057d8        0x8 /home/ledat/en.st-stm32cubeide_1.11.0_13638_20221122_1308_amd64.sh/makeself_dir_hdZ19U/y/plugins/com.st.stm32cube.ide.mcu.externaltools.gnu-tools-for-stm32.10.3-2021.10.linux64_1.0.100.202210260954/tools/bin/../lib/gcc/arm-none-eabi/10.3.1/thumb/v7e-m+fp/hard/libgcc.a(_udivmoddi4.o)
                0x00000000080057e0                __exidx_end = .
                0x00000000080057e0                . = ALIGN (0x4)

.rel.dyn        0x00000000080057e0        0x0
 .rel.iplt      0x00000000080057e0        0x0 /home/ledat/en.st-stm32cubeide_1.11.0_13638_20221122_1308_amd64.sh/makeself_dir_hdZ19U/y/plugins/com.st.stm32cube.ide.mcu.externaltools.gnu-tools-for-stm32.10.3-2021.10.linux64_1.0.100.202210260954/tools/bin/../lib/gcc/arm-none-eabi/10.3.1/thumb/v7e-m+fp/hard/crtbegin.o

.preinit_array  0x00000000080057e0        0x0
                0x00000000080057e0                . = ALIGN (0x4)
                0x00000000080057e0                PROVIDE (__preinit_array_start = .)
 *(.preinit_array*)
                0x00000000080057e0                PROVIDE (__preinit_array_end = .)
                0x00000000080057e0                . = ALIGN (0x4)

.init_array     0x00000000080057e0        0x8
                0x00000000080057e0                . = ALIGN (0x4)
                0x00000000080057e0                PROVIDE (__init_array_start = .)
 *(SORT_BY_NAME(.init_array.*))
 *(.init_array*)
 .init_array    0x00000000080057e0        0x4 /home/ledat/en.st-stm32cubeide_1.11.0_13638_20221122_1308_amd64.sh/makeself_dir_hdZ19U/y/plugins/com.st.stm32cube.ide.mcu.externaltools.gnu-tools-for-stm32.10.3-2021.10.linux64_1.0.100.202210260954/tools/bin/../lib/gcc/arm-none-eabi/10.3.1/thumb/v7e-m+fp/hard/crtbegin.o
 .init_array    0x00000000080057e4        0x4 ./Core/Src/mainpp.o
                0x00000000080057e8                PROVIDE (__init_array_end = .)
                0x00000000080057e8                . = ALIGN (0x4)

.fini_array     0x00000000080057e8        0x4
                0x00000000080057e8                . = ALIGN (0x4)
                [!provide]                        PROVIDE (__fini_array_start = .)
 *(SORT_BY_NAME(.fini_array.*))
 *(.fini_array*)
 .fini_array    0x00000000080057e8        0x4 /home/ledat/en.st-stm32cubeide_1.11.0_13638_20221122_1308_amd64.sh/makeself_dir_hdZ19U/y/plugins/com.st.stm32cube.ide.mcu.externaltools.gnu-tools-for-stm32.10.3-2021.10.linux64_1.0.100.202210260954/tools/bin/../lib/gcc/arm-none-eabi/10.3.1/thumb/v7e-m+fp/hard/crtbegin.o
                [!provide]                        PROVIDE (__fini_array_end = .)
                0x00000000080057ec                . = ALIGN (0x4)
                0x00000000080057ec                _sidata = LOADADDR (.data)

.data           0x0000000020000000       0x8c load address 0x00000000080057ec
                0x0000000020000000                . = ALIGN (0x4)
                0x0000000020000000                _sdata = .
 *(.data)
 *(.data*)
 .data.hello    0x0000000020000000       0x18 ./Core/Src/mainpp.o
                0x0000000020000000                hello
 .data.SystemCoreClock
                0x0000000020000018        0x4 ./Core/Src/system_stm32f4xx.o
                0x0000000020000018                SystemCoreClock
 .data.uwTickPrio
                0x000000002000001c        0x4 ./Drivers/STM32F4xx_HAL_Driver/Src/stm32f4xx_hal.o
                0x000000002000001c                uwTickPrio
 .data.uwTickFreq
                0x0000000020000020        0x1 ./Drivers/STM32F4xx_HAL_Driver/Src/stm32f4xx_hal.o
                0x0000000020000020                uwTickFreq
 *fill*         0x0000000020000021        0x3 
 .data._ZN10__cxxabiv119__terminate_handlerE
                0x0000000020000024        0x4 /home/ledat/en.st-stm32cubeide_1.11.0_13638_20221122_1308_amd64.sh/makeself_dir_hdZ19U/y/plugins/com.st.stm32cube.ide.mcu.externaltools.gnu-tools-for-stm32.10.3-2021.10.linux64_1.0.100.202210260954/tools/bin/../lib/gcc/arm-none-eabi/10.3.1/../../../../arm-none-eabi/lib/thumb/v7e-m+fp/hard/libstdc++_nano.a(eh_term_handler.o)
                0x0000000020000024                __cxxabiv1::__terminate_handler
 .data._impure_ptr
                0x0000000020000028        0x4 /home/ledat/en.st-stm32cubeide_1.11.0_13638_20221122_1308_amd64.sh/makeself_dir_hdZ19U/y/plugins/com.st.stm32cube.ide.mcu.externaltools.gnu-tools-for-stm32.10.3-2021.10.linux64_1.0.100.202210260954/tools/bin/../lib/gcc/arm-none-eabi/10.3.1/../../../../arm-none-eabi/lib/thumb/v7e-m+fp/hard/libc_nano.a(lib_a-impure.o)
                0x0000000020000028                _impure_ptr
 .data.impure_data
                0x000000002000002c       0x60 /home/ledat/en.st-stm32cubeide_1.11.0_13638_20221122_1308_amd64.sh/makeself_dir_hdZ19U/y/plugins/com.st.stm32cube.ide.mcu.externaltools.gnu-tools-for-stm32.10.3-2021.10.linux64_1.0.100.202210260954/tools/bin/../lib/gcc/arm-none-eabi/10.3.1/../../../../arm-none-eabi/lib/thumb/v7e-m+fp/hard/libc_nano.a(lib_a-impure.o)
 *(.RamFunc)
 *(.RamFunc*)
                0x000000002000008c                . = ALIGN (0x4)
                0x000000002000008c                _edata = .
                0x0000000008005878                _siccmram = LOADADDR (.ccmram)

.igot.plt       0x000000002000008c        0x0 load address 0x0000000008005878
 .igot.plt      0x000000002000008c        0x0 /home/ledat/en.st-stm32cubeide_1.11.0_13638_20221122_1308_amd64.sh/makeself_dir_hdZ19U/y/plugins/com.st.stm32cube.ide.mcu.externaltools.gnu-tools-for-stm32.10.3-2021.10.linux64_1.0.100.202210260954/tools/bin/../lib/gcc/arm-none-eabi/10.3.1/thumb/v7e-m+fp/hard/crtbegin.o

.ccmram         0x0000000010000000        0x0 load address 0x0000000008005878
                0x0000000010000000                . = ALIGN (0x4)
                0x0000000010000000                _sccmram = .
 *(.ccmram)
 *(.ccmram*)
                0x0000000010000000                . = ALIGN (0x4)
                0x0000000010000000                _eccmram = .
                0x0000000010000000                . = ALIGN (0x4)

.bss            0x000000002000008c      0xa94
                0x000000002000008c                _sbss = .
                0x000000002000008c                __bss_start__ = _sbss
 *(.bss)
 .bss           0x000000002000008c       0x1c /home/ledat/en.st-stm32cubeide_1.11.0_13638_20221122_1308_amd64.sh/makeself_dir_hdZ19U/y/plugins/com.st.stm32cube.ide.mcu.externaltools.gnu-tools-for-stm32.10.3-2021.10.linux64_1.0.100.202210260954/tools/bin/../lib/gcc/arm-none-eabi/10.3.1/thumb/v7e-m+fp/hard/crtbegin.o
 *(.bss*)
 .bss.huart2    0x00000000200000a8       0x44 ./Core/Src/main.o
                0x00000000200000a8                huart2
 .bss.hdma_usart2_rx
                0x00000000200000ec       0x60 ./Core/Src/main.o
                0x00000000200000ec                hdma_usart2_rx
 .bss.hdma_usart2_tx
                0x000000002000014c       0x60 ./Core/Src/main.o
                0x000000002000014c                hdma_usart2_tx
 .bss._ZZN13STM32Hardware5flushEvE5mutex
                0x00000000200001ac        0x1 ./Core/Src/mainpp.o
                0x00000000200001ac                STM32Hardware::flush()::mutex
 *fill*         0x00000000200001ad        0x3 
 .bss.nh        0x00000000200001b0      0x93c ./Core/Src/mainpp.o
                0x00000000200001b0                nh
 .bss.str_msg   0x0000000020000aec        0x8 ./Core/Src/mainpp.o
                0x0000000020000aec                str_msg
 .bss.chatter   0x0000000020000af4       0x14 ./Core/Src/mainpp.o
                0x0000000020000af4                chatter
 .bss.__sbrk_heap_end
                0x0000000020000b08        0x4 ./Core/Src/sysmem.o
 .bss.uwTick    0x0000000020000b0c        0x4 ./Drivers/STM32F4xx_HAL_Driver/Src/stm32f4xx_hal.o
                0x0000000020000b0c                uwTick
 .bss.__malloc_free_list
                0x0000000020000b10        0x4 /home/ledat/en.st-stm32cubeide_1.11.0_13638_20221122_1308_amd64.sh/makeself_dir_hdZ19U/y/plugins/com.st.stm32cube.ide.mcu.externaltools.gnu-tools-for-stm32.10.3-2021.10.linux64_1.0.100.202210260954/tools/bin/../lib/gcc/arm-none-eabi/10.3.1/../../../../arm-none-eabi/lib/thumb/v7e-m+fp/hard/libc_nano.a(lib_a-nano-mallocr.o)
                0x0000000020000b10                __malloc_free_list
 .bss.__malloc_sbrk_start
                0x0000000020000b14        0x4 /home/ledat/en.st-stm32cubeide_1.11.0_13638_20221122_1308_amd64.sh/makeself_dir_hdZ19U/y/plugins/com.st.stm32cube.ide.mcu.externaltools.gnu-tools-for-stm32.10.3-2021.10.linux64_1.0.100.202210260954/tools/bin/../lib/gcc/arm-none-eabi/10.3.1/../../../../arm-none-eabi/lib/thumb/v7e-m+fp/hard/libc_nano.a(lib_a-nano-mallocr.o)
                0x0000000020000b14                __malloc_sbrk_start
 .bss.errno     0x0000000020000b18        0x4 /home/ledat/en.st-stm32cubeide_1.11.0_13638_20221122_1308_amd64.sh/makeself_dir_hdZ19U/y/plugins/com.st.stm32cube.ide.mcu.externaltools.gnu-tools-for-stm32.10.3-2021.10.linux64_1.0.100.202210260954/tools/bin/../lib/gcc/arm-none-eabi/10.3.1/../../../../arm-none-eabi/lib/thumb/v7e-m+fp/hard/libc_nano.a(lib_a-reent.o)
                0x0000000020000b18                errno
 .bss.__lock___malloc_recursive_mutex
                0x0000000020000b1c        0x1 /home/ledat/en.st-stm32cubeide_1.11.0_13638_20221122_1308_amd64.sh/makeself_dir_hdZ19U/y/plugins/com.st.stm32cube.ide.mcu.externaltools.gnu-tools-for-stm32.10.3-2021.10.linux64_1.0.100.202210260954/tools/bin/../lib/gcc/arm-none-eabi/10.3.1/../../../../arm-none-eabi/lib/thumb/v7e-m+fp/hard/libc_nano.a(lib_a-lock.o)
                0x0000000020000b1c                __lock___malloc_recursive_mutex
 *(COMMON)
                0x0000000020000b20                . = ALIGN (0x4)
 *fill*         0x0000000020000b1d        0x3 
                0x0000000020000b20                _ebss = .
                0x0000000020000b20                __bss_end__ = _ebss

._user_heap_stack
                0x0000000020000b20      0x600
                0x0000000020000b20                . = ALIGN (0x8)
                [!provide]                        PROVIDE (end = .)
                0x0000000020000b20                PROVIDE (_end = .)
                0x0000000020000d20                . = (. + _Min_Heap_Size)
 *fill*         0x0000000020000b20      0x200 
                0x0000000020001120                . = (. + _Min_Stack_Size)
 *fill*         0x0000000020000d20      0x400 
                0x0000000020001120                . = ALIGN (0x8)

/DISCARD/
 libc.a(*)
 libm.a(*)
 libgcc.a(*)

.ARM.attributes
                0x0000000000000000       0x30
 *(.ARM.attributes)
 .ARM.attributes
                0x0000000000000000       0x1e /home/ledat/en.st-stm32cubeide_1.11.0_13638_20221122_1308_amd64.sh/makeself_dir_hdZ19U/y/plugins/com.st.stm32cube.ide.mcu.externaltools.gnu-tools-for-stm32.10.3-2021.10.linux64_1.0.100.202210260954/tools/bin/../lib/gcc/arm-none-eabi/10.3.1/thumb/v7e-m+fp/hard/crti.o
 .ARM.attributes
                0x000000000000001e       0x34 /home/ledat/en.st-stm32cubeide_1.11.0_13638_20221122_1308_amd64.sh/makeself_dir_hdZ19U/y/plugins/com.st.stm32cube.ide.mcu.externaltools.gnu-tools-for-stm32.10.3-2021.10.linux64_1.0.100.202210260954/tools/bin/../lib/gcc/arm-none-eabi/10.3.1/thumb/v7e-m+fp/hard/crtbegin.o
 .ARM.attributes
                0x0000000000000052       0x34 ./Core/Inc/time.o
 .ARM.attributes
                0x0000000000000086       0x34 ./Core/Src/main.o
 .ARM.attributes
                0x00000000000000ba       0x34 ./Core/Src/mainpp.o
 .ARM.attributes
                0x00000000000000ee       0x34 ./Core/Src/stm32f4xx_hal_msp.o
 .ARM.attributes
                0x0000000000000122       0x34 ./Core/Src/stm32f4xx_it.o
 .ARM.attributes
                0x0000000000000156       0x34 ./Core/Src/syscalls.o
 .ARM.attributes
                0x000000000000018a       0x34 ./Core/Src/sysmem.o
 .ARM.attributes
                0x00000000000001be       0x34 ./Core/Src/system_stm32f4xx.o
 .ARM.attributes
                0x00000000000001f2       0x21 ./Core/Startup/startup_stm32f407vgtx.o
 .ARM.attributes
                0x0000000000000213       0x34 ./Drivers/STM32F4xx_HAL_Driver/Src/stm32f4xx_hal.o
 .ARM.attributes
                0x0000000000000247       0x34 ./Drivers/STM32F4xx_HAL_Driver/Src/stm32f4xx_hal_cortex.o
 .ARM.attributes
                0x000000000000027b       0x34 ./Drivers/STM32F4xx_HAL_Driver/Src/stm32f4xx_hal_dma.o
 .ARM.attributes
                0x00000000000002af       0x34 ./Drivers/STM32F4xx_HAL_Driver/Src/stm32f4xx_hal_gpio.o
 .ARM.attributes
                0x00000000000002e3       0x34 ./Drivers/STM32F4xx_HAL_Driver/Src/stm32f4xx_hal_rcc.o
 .ARM.attributes
                0x0000000000000317       0x34 ./Drivers/STM32F4xx_HAL_Driver/Src/stm32f4xx_hal_uart.o
 .ARM.attributes
                0x000000000000034b       0x34 /home/ledat/en.st-stm32cubeide_1.11.0_13638_20221122_1308_amd64.sh/makeself_dir_hdZ19U/y/plugins/com.st.stm32cube.ide.mcu.externaltools.gnu-tools-for-stm32.10.3-2021.10.linux64_1.0.100.202210260954/tools/bin/../lib/gcc/arm-none-eabi/10.3.1/../../../../arm-none-eabi/lib/thumb/v7e-m+fp/hard/libstdc++_nano.a(pure.o)
 .ARM.attributes
                0x000000000000037f       0x34 /home/ledat/en.st-stm32cubeide_1.11.0_13638_20221122_1308_amd64.sh/makeself_dir_hdZ19U/y/plugins/com.st.stm32cube.ide.mcu.externaltools.gnu-tools-for-stm32.10.3-2021.10.linux64_1.0.100.202210260954/tools/bin/../lib/gcc/arm-none-eabi/10.3.1/../../../../arm-none-eabi/lib/thumb/v7e-m+fp/hard/libstdc++_nano.a(eh_terminate.o)
 .ARM.attributes
                0x00000000000003b3       0x34 /home/ledat/en.st-stm32cubeide_1.11.0_13638_20221122_1308_amd64.sh/makeself_dir_hdZ19U/y/plugins/com.st.stm32cube.ide.mcu.externaltools.gnu-tools-for-stm32.10.3-2021.10.linux64_1.0.100.202210260954/tools/bin/../lib/gcc/arm-none-eabi/10.3.1/../../../../arm-none-eabi/lib/thumb/v7e-m+fp/hard/libstdc++_nano.a(eh_term_handler.o)
 .ARM.attributes
                0x00000000000003e7       0x34 /home/ledat/en.st-stm32cubeide_1.11.0_13638_20221122_1308_amd64.sh/makeself_dir_hdZ19U/y/plugins/com.st.stm32cube.ide.mcu.externaltools.gnu-tools-for-stm32.10.3-2021.10.linux64_1.0.100.202210260954/tools/bin/../lib/gcc/arm-none-eabi/10.3.1/../../../../arm-none-eabi/lib/thumb/v7e-m+fp/hard/libc_nano.a(lib_a-abort.o)
 .ARM.attributes
                0x000000000000041b       0x34 /home/ledat/en.st-stm32cubeide_1.11.0_13638_20221122_1308_amd64.sh/makeself_dir_hdZ19U/y/plugins/com.st.stm32cube.ide.mcu.externaltools.gnu-tools-for-stm32.10.3-2021.10.linux64_1.0.100.202210260954/tools/bin/../lib/gcc/arm-none-eabi/10.3.1/../../../../arm-none-eabi/lib/thumb/v7e-m+fp/hard/libc_nano.a(lib_a-errno.o)
 .ARM.attributes
                0x000000000000044f       0x34 /home/ledat/en.st-stm32cubeide_1.11.0_13638_20221122_1308_amd64.sh/makeself_dir_hdZ19U/y/plugins/com.st.stm32cube.ide.mcu.externaltools.gnu-tools-for-stm32.10.3-2021.10.linux64_1.0.100.202210260954/tools/bin/../lib/gcc/arm-none-eabi/10.3.1/../../../../arm-none-eabi/lib/thumb/v7e-m+fp/hard/libc_nano.a(lib_a-impure.o)
 .ARM.attributes
                0x0000000000000483       0x34 /home/ledat/en.st-stm32cubeide_1.11.0_13638_20221122_1308_amd64.sh/makeself_dir_hdZ19U/y/plugins/com.st.stm32cube.ide.mcu.externaltools.gnu-tools-for-stm32.10.3-2021.10.linux64_1.0.100.202210260954/tools/bin/../lib/gcc/arm-none-eabi/10.3.1/../../../../arm-none-eabi/lib/thumb/v7e-m+fp/hard/libc_nano.a(lib_a-init.o)
 .ARM.attributes
                0x00000000000004b7       0x34 /home/ledat/en.st-stm32cubeide_1.11.0_13638_20221122_1308_amd64.sh/makeself_dir_hdZ19U/y/plugins/com.st.stm32cube.ide.mcu.externaltools.gnu-tools-for-stm32.10.3-2021.10.linux64_1.0.100.202210260954/tools/bin/../lib/gcc/arm-none-eabi/10.3.1/../../../../arm-none-eabi/lib/thumb/v7e-m+fp/hard/libc_nano.a(lib_a-memcpy-stub.o)
 .ARM.attributes
                0x00000000000004eb       0x34 /home/ledat/en.st-stm32cubeide_1.11.0_13638_20221122_1308_amd64.sh/makeself_dir_hdZ19U/y/plugins/com.st.stm32cube.ide.mcu.externaltools.gnu-tools-for-stm32.10.3-2021.10.linux64_1.0.100.202210260954/tools/bin/../lib/gcc/arm-none-eabi/10.3.1/../../../../arm-none-eabi/lib/thumb/v7e-m+fp/hard/libc_nano.a(lib_a-memset.o)
 .ARM.attributes
                0x000000000000051f       0x34 /home/ledat/en.st-stm32cubeide_1.11.0_13638_20221122_1308_amd64.sh/makeself_dir_hdZ19U/y/plugins/com.st.stm32cube.ide.mcu.externaltools.gnu-tools-for-stm32.10.3-2021.10.linux64_1.0.100.202210260954/tools/bin/../lib/gcc/arm-none-eabi/10.3.1/../../../../arm-none-eabi/lib/thumb/v7e-m+fp/hard/libc_nano.a(lib_a-realloc.o)
 .ARM.attributes
                0x0000000000000553       0x34 /home/ledat/en.st-stm32cubeide_1.11.0_13638_20221122_1308_amd64.sh/makeself_dir_hdZ19U/y/plugins/com.st.stm32cube.ide.mcu.externaltools.gnu-tools-for-stm32.10.3-2021.10.linux64_1.0.100.202210260954/tools/bin/../lib/gcc/arm-none-eabi/10.3.1/../../../../arm-none-eabi/lib/thumb/v7e-m+fp/hard/libc_nano.a(lib_a-signal.o)
 .ARM.attributes
                0x0000000000000587       0x34 /home/ledat/en.st-stm32cubeide_1.11.0_13638_20221122_1308_amd64.sh/makeself_dir_hdZ19U/y/plugins/com.st.stm32cube.ide.mcu.externaltools.gnu-tools-for-stm32.10.3-2021.10.linux64_1.0.100.202210260954/tools/bin/../lib/gcc/arm-none-eabi/10.3.1/../../../../arm-none-eabi/lib/thumb/v7e-m+fp/hard/libc_nano.a(lib_a-signalr.o)
 .ARM.attributes
                0x00000000000005bb       0x17 /home/ledat/en.st-stm32cubeide_1.11.0_13638_20221122_1308_amd64.sh/makeself_dir_hdZ19U/y/plugins/com.st.stm32cube.ide.mcu.externaltools.gnu-tools-for-stm32.10.3-2021.10.linux64_1.0.100.202210260954/tools/bin/../lib/gcc/arm-none-eabi/10.3.1/../../../../arm-none-eabi/lib/thumb/v7e-m+fp/hard/libc_nano.a(lib_a-strlen.o)
 .ARM.attributes
                0x00000000000005d2       0x34 /home/ledat/en.st-stm32cubeide_1.11.0_13638_20221122_1308_amd64.sh/makeself_dir_hdZ19U/y/plugins/com.st.stm32cube.ide.mcu.externaltools.gnu-tools-for-stm32.10.3-2021.10.linux64_1.0.100.202210260954/tools/bin/../lib/gcc/arm-none-eabi/10.3.1/../../../../arm-none-eabi/lib/thumb/v7e-m+fp/hard/libc_nano.a(lib_a-nano-mallocr.o)
 .ARM.attributes
                0x0000000000000606       0x34 /home/ledat/en.st-stm32cubeide_1.11.0_13638_20221122_1308_amd64.sh/makeself_dir_hdZ19U/y/plugins/com.st.stm32cube.ide.mcu.externaltools.gnu-tools-for-stm32.10.3-2021.10.linux64_1.0.100.202210260954/tools/bin/../lib/gcc/arm-none-eabi/10.3.1/../../../../arm-none-eabi/lib/thumb/v7e-m+fp/hard/libc_nano.a(lib_a-nano-reallocr.o)
 .ARM.attributes
                0x000000000000063a       0x34 /home/ledat/en.st-stm32cubeide_1.11.0_13638_20221122_1308_amd64.sh/makeself_dir_hdZ19U/y/plugins/com.st.stm32cube.ide.mcu.externaltools.gnu-tools-for-stm32.10.3-2021.10.linux64_1.0.100.202210260954/tools/bin/../lib/gcc/arm-none-eabi/10.3.1/../../../../arm-none-eabi/lib/thumb/v7e-m+fp/hard/libc_nano.a(lib_a-reent.o)
 .ARM.attributes
                0x000000000000066e       0x34 /home/ledat/en.st-stm32cubeide_1.11.0_13638_20221122_1308_amd64.sh/makeself_dir_hdZ19U/y/plugins/com.st.stm32cube.ide.mcu.externaltools.gnu-tools-for-stm32.10.3-2021.10.linux64_1.0.100.202210260954/tools/bin/../lib/gcc/arm-none-eabi/10.3.1/../../../../arm-none-eabi/lib/thumb/v7e-m+fp/hard/libc_nano.a(lib_a-sbrkr.o)
 .ARM.attributes
                0x00000000000006a2       0x34 /home/ledat/en.st-stm32cubeide_1.11.0_13638_20221122_1308_amd64.sh/makeself_dir_hdZ19U/y/plugins/com.st.stm32cube.ide.mcu.externaltools.gnu-tools-for-stm32.10.3-2021.10.linux64_1.0.100.202210260954/tools/bin/../lib/gcc/arm-none-eabi/10.3.1/../../../../arm-none-eabi/lib/thumb/v7e-m+fp/hard/libc_nano.a(lib_a-mlock.o)
 .ARM.attributes
                0x00000000000006d6       0x34 /home/ledat/en.st-stm32cubeide_1.11.0_13638_20221122_1308_amd64.sh/makeself_dir_hdZ19U/y/plugins/com.st.stm32cube.ide.mcu.externaltools.gnu-tools-for-stm32.10.3-2021.10.linux64_1.0.100.202210260954/tools/bin/../lib/gcc/arm-none-eabi/10.3.1/../../../../arm-none-eabi/lib/thumb/v7e-m+fp/hard/libc_nano.a(lib_a-nano-freer.o)
 .ARM.attributes
                0x000000000000070a       0x34 /home/ledat/en.st-stm32cubeide_1.11.0_13638_20221122_1308_amd64.sh/makeself_dir_hdZ19U/y/plugins/com.st.stm32cube.ide.mcu.externaltools.gnu-tools-for-stm32.10.3-2021.10.linux64_1.0.100.202210260954/tools/bin/../lib/gcc/arm-none-eabi/10.3.1/../../../../arm-none-eabi/lib/thumb/v7e-m+fp/hard/libc_nano.a(lib_a-nano-msizer.o)
 .ARM.attributes
                0x000000000000073e       0x34 /home/ledat/en.st-stm32cubeide_1.11.0_13638_20221122_1308_amd64.sh/makeself_dir_hdZ19U/y/plugins/com.st.stm32cube.ide.mcu.externaltools.gnu-tools-for-stm32.10.3-2021.10.linux64_1.0.100.202210260954/tools/bin/../lib/gcc/arm-none-eabi/10.3.1/../../../../arm-none-eabi/lib/thumb/v7e-m+fp/hard/libc_nano.a(lib_a-lock.o)
 .ARM.attributes
                0x0000000000000772       0x1e /home/ledat/en.st-stm32cubeide_1.11.0_13638_20221122_1308_amd64.sh/makeself_dir_hdZ19U/y/plugins/com.st.stm32cube.ide.mcu.externaltools.gnu-tools-for-stm32.10.3-2021.10.linux64_1.0.100.202210260954/tools/bin/../lib/gcc/arm-none-eabi/10.3.1/thumb/v7e-m+fp/hard/libgcc.a(_aeabi_uldivmod.o)
 .ARM.attributes
                0x0000000000000790       0x34 /home/ledat/en.st-stm32cubeide_1.11.0_13638_20221122_1308_amd64.sh/makeself_dir_hdZ19U/y/plugins/com.st.stm32cube.ide.mcu.externaltools.gnu-tools-for-stm32.10.3-2021.10.linux64_1.0.100.202210260954/tools/bin/../lib/gcc/arm-none-eabi/10.3.1/thumb/v7e-m+fp/hard/libgcc.a(_udivmoddi4.o)
 .ARM.attributes
                0x00000000000007c4       0x1e /home/ledat/en.st-stm32cubeide_1.11.0_13638_20221122_1308_amd64.sh/makeself_dir_hdZ19U/y/plugins/com.st.stm32cube.ide.mcu.externaltools.gnu-tools-for-stm32.10.3-2021.10.linux64_1.0.100.202210260954/tools/bin/../lib/gcc/arm-none-eabi/10.3.1/thumb/v7e-m+fp/hard/libgcc.a(_dvmd_tls.o)
 .ARM.attributes
                0x00000000000007e2       0x1e /home/ledat/en.st-stm32cubeide_1.11.0_13638_20221122_1308_amd64.sh/makeself_dir_hdZ19U/y/plugins/com.st.stm32cube.ide.mcu.externaltools.gnu-tools-for-stm32.10.3-2021.10.linux64_1.0.100.202210260954/tools/bin/../lib/gcc/arm-none-eabi/10.3.1/thumb/v7e-m+fp/hard/crtn.o
OUTPUT(uart_f4_test.elf elf32-littlearm)
LOAD linker stubs
LOAD /home/ledat/en.st-stm32cubeide_1.11.0_13638_20221122_1308_amd64.sh/makeself_dir_hdZ19U/y/plugins/com.st.stm32cube.ide.mcu.externaltools.gnu-tools-for-stm32.10.3-2021.10.linux64_1.0.100.202210260954/tools/bin/../lib/gcc/arm-none-eabi/10.3.1/../../../../arm-none-eabi/lib/thumb/v7e-m+fp/hard/libc.a
LOAD /home/ledat/en.st-stm32cubeide_1.11.0_13638_20221122_1308_amd64.sh/makeself_dir_hdZ19U/y/plugins/com.st.stm32cube.ide.mcu.externaltools.gnu-tools-for-stm32.10.3-2021.10.linux64_1.0.100.202210260954/tools/bin/../lib/gcc/arm-none-eabi/10.3.1/../../../../arm-none-eabi/lib/thumb/v7e-m+fp/hard/libm.a
LOAD /home/ledat/en.st-stm32cubeide_1.11.0_13638_20221122_1308_amd64.sh/makeself_dir_hdZ19U/y/plugins/com.st.stm32cube.ide.mcu.externaltools.gnu-tools-for-stm32.10.3-2021.10.linux64_1.0.100.202210260954/tools/bin/../lib/gcc/arm-none-eabi/10.3.1/thumb/v7e-m+fp/hard/libgcc.a

.debug_info     0x0000000000000000     0xff61
 .debug_info    0x0000000000000000     0x1bea ./Core/Inc/time.o
 .debug_info    0x0000000000001bea      0xd16 ./Core/Src/main.o
 .debug_info    0x0000000000002900     0x5245 ./Core/Src/mainpp.o
 .debug_info    0x0000000000007b45      0xc60 ./Core/Src/stm32f4xx_hal_msp.o
 .debug_info    0x00000000000087a5      0x6b4 ./Core/Src/stm32f4xx_it.o
 .debug_info    0x0000000000008e59      0x6e0 ./Core/Src/syscalls.o
 .debug_info    0x0000000000009539      0x171 ./Core/Src/sysmem.o
 .debug_info    0x00000000000096aa      0x523 ./Core/Src/system_stm32f4xx.o
 .debug_info    0x0000000000009bcd       0x22 ./Core/Startup/startup_stm32f407vgtx.o
 .debug_info    0x0000000000009bef      0x97c ./Drivers/STM32F4xx_HAL_Driver/Src/stm32f4xx_hal.o
 .debug_info    0x000000000000a56b      0xe1b ./Drivers/STM32F4xx_HAL_Driver/Src/stm32f4xx_hal_cortex.o
 .debug_info    0x000000000000b386      0x94f ./Drivers/STM32F4xx_HAL_Driver/Src/stm32f4xx_hal_dma.o
 .debug_info    0x000000000000bcd5      0x76a ./Drivers/STM32F4xx_HAL_Driver/Src/stm32f4xx_hal_gpio.o
 .debug_info    0x000000000000c43f      0x966 ./Drivers/STM32F4xx_HAL_Driver/Src/stm32f4xx_hal_rcc.o
 .debug_info    0x000000000000cda5     0x31bc ./Drivers/STM32F4xx_HAL_Driver/Src/stm32f4xx_hal_uart.o

.debug_abbrev   0x0000000000000000     0x236b
 .debug_abbrev  0x0000000000000000      0x2cb ./Core/Inc/time.o
 .debug_abbrev  0x00000000000002cb      0x271 ./Core/Src/main.o
 .debug_abbrev  0x000000000000053c      0x85d ./Core/Src/mainpp.o
 .debug_abbrev  0x0000000000000d99      0x1f6 ./Core/Src/stm32f4xx_hal_msp.o
 .debug_abbrev  0x0000000000000f8f      0x166 ./Core/Src/stm32f4xx_it.o
 .debug_abbrev  0x00000000000010f5      0x1b3 ./Core/Src/syscalls.o
 .debug_abbrev  0x00000000000012a8       0xbb ./Core/Src/sysmem.o
 .debug_abbrev  0x0000000000001363      0x116 ./Core/Src/system_stm32f4xx.o
 .debug_abbrev  0x0000000000001479       0x12 ./Core/Startup/startup_stm32f407vgtx.o
 .debug_abbrev  0x000000000000148b      0x20d ./Drivers/STM32F4xx_HAL_Driver/Src/stm32f4xx_hal.o
 .debug_abbrev  0x0000000000001698      0x316 ./Drivers/STM32F4xx_HAL_Driver/Src/stm32f4xx_hal_cortex.o
 .debug_abbrev  0x00000000000019ae      0x25b ./Drivers/STM32F4xx_HAL_Driver/Src/stm32f4xx_hal_dma.o
 .debug_abbrev  0x0000000000001c09      0x1c4 ./Drivers/STM32F4xx_HAL_Driver/Src/stm32f4xx_hal_gpio.o
 .debug_abbrev  0x0000000000001dcd      0x2aa ./Drivers/STM32F4xx_HAL_Driver/Src/stm32f4xx_hal_rcc.o
 .debug_abbrev  0x0000000000002077      0x2f4 ./Drivers/STM32F4xx_HAL_Driver/Src/stm32f4xx_hal_uart.o

.debug_aranges  0x0000000000000000      0x9c0
 .debug_aranges
                0x0000000000000000       0x48 ./Core/Inc/time.o
 .debug_aranges
                0x0000000000000048       0x48 ./Core/Src/main.o
 .debug_aranges
                0x0000000000000090      0x1f8 ./Core/Src/mainpp.o
 .debug_aranges
                0x0000000000000288       0x30 ./Core/Src/stm32f4xx_hal_msp.o
 .debug_aranges
                0x00000000000002b8       0x78 ./Core/Src/stm32f4xx_it.o
 .debug_aranges
                0x0000000000000330       0xa8 ./Core/Src/syscalls.o
 .debug_aranges
                0x00000000000003d8       0x20 ./Core/Src/sysmem.o
 .debug_aranges
                0x00000000000003f8       0x28 ./Core/Src/system_stm32f4xx.o
 .debug_aranges
                0x0000000000000420       0x28 ./Core/Startup/startup_stm32f407vgtx.o
 .debug_aranges
                0x0000000000000448       0xf0 ./Drivers/STM32F4xx_HAL_Driver/Src/stm32f4xx_hal.o
 .debug_aranges
                0x0000000000000538      0x118 ./Drivers/STM32F4xx_HAL_Driver/Src/stm32f4xx_hal_cortex.o
 .debug_aranges
                0x0000000000000650       0x90 ./Drivers/STM32F4xx_HAL_Driver/Src/stm32f4xx_hal_dma.o
 .debug_aranges
                0x00000000000006e0       0x58 ./Drivers/STM32F4xx_HAL_Driver/Src/stm32f4xx_hal_gpio.o
 .debug_aranges
                0x0000000000000738       0x88 ./Drivers/STM32F4xx_HAL_Driver/Src/stm32f4xx_hal_rcc.o
 .debug_aranges
                0x00000000000007c0      0x200 ./Drivers/STM32F4xx_HAL_Driver/Src/stm32f4xx_hal_uart.o

.debug_ranges   0x0000000000000000      0x920
 .debug_ranges  0x0000000000000000       0x38 ./Core/Inc/time.o
 .debug_ranges  0x0000000000000038       0x38 ./Core/Src/main.o
 .debug_ranges  0x0000000000000070      0x200 ./Core/Src/mainpp.o
 .debug_ranges  0x0000000000000270       0x20 ./Core/Src/stm32f4xx_hal_msp.o
 .debug_ranges  0x0000000000000290       0x68 ./Core/Src/stm32f4xx_it.o
 .debug_ranges  0x00000000000002f8       0x98 ./Core/Src/syscalls.o
 .debug_ranges  0x0000000000000390       0x10 ./Core/Src/sysmem.o
 .debug_ranges  0x00000000000003a0       0x18 ./Core/Src/system_stm32f4xx.o
 .debug_ranges  0x00000000000003b8       0x20 ./Core/Startup/startup_stm32f407vgtx.o
 .debug_ranges  0x00000000000003d8       0xe0 ./Drivers/STM32F4xx_HAL_Driver/Src/stm32f4xx_hal.o
 .debug_ranges  0x00000000000004b8      0x108 ./Drivers/STM32F4xx_HAL_Driver/Src/stm32f4xx_hal_cortex.o
 .debug_ranges  0x00000000000005c0       0x80 ./Drivers/STM32F4xx_HAL_Driver/Src/stm32f4xx_hal_dma.o
 .debug_ranges  0x0000000000000640       0x48 ./Drivers/STM32F4xx_HAL_Driver/Src/stm32f4xx_hal_gpio.o
 .debug_ranges  0x0000000000000688       0x78 ./Drivers/STM32F4xx_HAL_Driver/Src/stm32f4xx_hal_rcc.o
 .debug_ranges  0x0000000000000700      0x220 ./Drivers/STM32F4xx_HAL_Driver/Src/stm32f4xx_hal_uart.o

.debug_macro    0x0000000000000000    0x21f93
 .debug_macro   0x0000000000000000      0x1c1 ./Core/Inc/time.o
 .debug_macro   0x00000000000001c1      0x1ce ./Core/Src/main.o
 .debug_macro   0x000000000000038f      0xa78 ./Core/Src/main.o
 .debug_macro   0x0000000000000e07      0x295 ./Core/Src/main.o
 .debug_macro   0x000000000000109c       0x2e ./Core/Src/main.o
 .debug_macro   0x00000000000010ca       0x2f ./Core/Src/main.o
 .debug_macro   0x00000000000010f9       0x8e ./Core/Src/main.o
 .debug_macro   0x0000000000001187       0x51 ./Core/Src/main.o
 .debug_macro   0x00000000000011d8       0x1c ./Core/Src/main.o
 .debug_macro   0x00000000000011f4       0x22 ./Core/Src/main.o
 .debug_macro   0x0000000000001216       0xd9 ./Core/Src/main.o
 .debug_macro   0x00000000000012ef     0x102d ./Core/Src/main.o
 .debug_macro   0x000000000000231c      0x11f ./Core/Src/main.o
 .debug_macro   0x000000000000243b    0x15e82 ./Core/Src/main.o
 .debug_macro   0x00000000000182bd       0x6d ./Core/Src/main.o
 .debug_macro   0x000000000001832a     0x367e ./Core/Src/main.o
 .debug_macro   0x000000000001b9a8      0x174 ./Core/Src/main.o
 .debug_macro   0x000000000001bb1c       0x5c ./Core/Src/main.o
 .debug_macro   0x000000000001bb78      0x96b ./Core/Src/main.o
 .debug_macro   0x000000000001c4e3      0x9fe ./Core/Src/main.o
 .debug_macro   0x000000000001cee1      0x115 ./Core/Src/main.o
 .debug_macro   0x000000000001cff6      0x13e ./Core/Src/main.o
 .debug_macro   0x000000000001d134       0xa5 ./Core/Src/main.o
 .debug_macro   0x000000000001d1d9      0x174 ./Core/Src/main.o
 .debug_macro   0x000000000001d34d      0x287 ./Core/Src/main.o
 .debug_macro   0x000000000001d5d4       0x5f ./Core/Src/main.o
 .debug_macro   0x000000000001d633      0x236 ./Core/Src/main.o
 .debug_macro   0x000000000001d869      0x12c ./Core/Src/main.o
 .debug_macro   0x000000000001d995      0x21e ./Core/Src/main.o
 .debug_macro   0x000000000001dbb3       0x2e ./Core/Src/main.o
 .debug_macro   0x000000000001dbe1      0x11a ./Core/Src/main.o
 .debug_macro   0x000000000001dcfb       0x7e ./Core/Src/main.o
 .debug_macro   0x000000000001dd79       0x89 ./Core/Src/main.o
 .debug_macro   0x000000000001de02      0x295 ./Core/Src/main.o
 .debug_macro   0x000000000001e097      0x12d ./Core/Src/main.o
 .debug_macro   0x000000000001e1c4      0x405 ./Core/Src/mainpp.o
 .debug_macro   0x000000000001e5c9       0x52 ./Core/Src/mainpp.o
 .debug_macro   0x000000000001e61b       0x10 ./Core/Src/mainpp.o
 .debug_macro   0x000000000001e62b       0x20 ./Core/Src/mainpp.o
 .debug_macro   0x000000000001e64b       0x10 ./Core/Src/mainpp.o
 .debug_macro   0x000000000001e65b       0x1c ./Core/Src/mainpp.o
 .debug_macro   0x000000000001e677       0xde ./Core/Src/mainpp.o
 .debug_macro   0x000000000001e755      0x3cd ./Core/Src/mainpp.o
 .debug_macro   0x000000000001eb22       0x10 ./Core/Src/mainpp.o
 .debug_macro   0x000000000001eb32     0x102d ./Core/Src/mainpp.o
 .debug_macro   0x000000000001fb5f       0x56 ./Core/Src/mainpp.o
 .debug_macro   0x000000000001fbb5      0x1c4 ./Core/Src/stm32f4xx_hal_msp.o
 .debug_macro   0x000000000001fd79      0x1ce ./Core/Src/stm32f4xx_it.o
 .debug_macro   0x000000000001ff47      0x24c ./Core/Src/syscalls.o
 .debug_macro   0x0000000000020193       0x34 ./Core/Src/syscalls.o
 .debug_macro   0x00000000000201c7      0x341 ./Core/Src/syscalls.o
 .debug_macro   0x0000000000020508       0x43 ./Core/Src/syscalls.o
 .debug_macro   0x000000000002054b       0x1c ./Core/Src/syscalls.o
 .debug_macro   0x0000000000020567       0x10 ./Core/Src/syscalls.o
 .debug_macro   0x0000000000020577       0x35 ./Core/Src/syscalls.o
 .debug_macro   0x00000000000205ac       0x10 ./Core/Src/syscalls.o
 .debug_macro   0x00000000000205bc       0x10 ./Core/Src/syscalls.o
 .debug_macro   0x00000000000205cc       0x10 ./Core/Src/syscalls.o
 .debug_macro   0x00000000000205dc       0x1c ./Core/Src/syscalls.o
 .debug_macro   0x00000000000205f8       0x52 ./Core/Src/syscalls.o
 .debug_macro   0x000000000002064a       0x22 ./Core/Src/syscalls.o
 .debug_macro   0x000000000002066c       0x10 ./Core/Src/syscalls.o
 .debug_macro   0x000000000002067c       0x52 ./Core/Src/syscalls.o
 .debug_macro   0x00000000000206ce       0xd5 ./Core/Src/syscalls.o
 .debug_macro   0x00000000000207a3       0x1c ./Core/Src/syscalls.o
 .debug_macro   0x00000000000207bf       0x3d ./Core/Src/syscalls.o
 .debug_macro   0x00000000000207fc       0x35 ./Core/Src/syscalls.o
 .debug_macro   0x0000000000020831      0x12c ./Core/Src/syscalls.o
 .debug_macro   0x000000000002095d       0x10 ./Core/Src/syscalls.o
 .debug_macro   0x000000000002096d      0x241 ./Core/Src/syscalls.o
 .debug_macro   0x0000000000020bae       0x1c ./Core/Src/syscalls.o
 .debug_macro   0x0000000000020bca       0x10 ./Core/Src/syscalls.o
 .debug_macro   0x0000000000020bda       0x10 ./Core/Src/syscalls.o
 .debug_macro   0x0000000000020bea       0x16 ./Core/Src/syscalls.o
 .debug_macro   0x0000000000020c00      0x145 ./Core/Src/syscalls.o
 .debug_macro   0x0000000000020d45      0x189 ./Core/Src/syscalls.o
 .debug_macro   0x0000000000020ece       0x16 ./Core/Src/syscalls.o
 .debug_macro   0x0000000000020ee4       0xce ./Core/Src/syscalls.o
 .debug_macro   0x0000000000020fb2       0xff ./Core/Src/sysmem.o
 .debug_macro   0x00000000000210b1      0x23b ./Core/Src/sysmem.o
 .debug_macro   0x00000000000212ec      0x1ba ./Core/Src/system_stm32f4xx.o
 .debug_macro   0x00000000000214a6      0x21a ./Drivers/STM32F4xx_HAL_Driver/Src/stm32f4xx_hal.o
 .debug_macro   0x00000000000216c0      0x1ba ./Drivers/STM32F4xx_HAL_Driver/Src/stm32f4xx_hal_cortex.o
 .debug_macro   0x000000000002187a      0x1c0 ./Drivers/STM32F4xx_HAL_Driver/Src/stm32f4xx_hal_dma.o
 .debug_macro   0x0000000000021a3a      0x1c0 ./Drivers/STM32F4xx_HAL_Driver/Src/stm32f4xx_hal_gpio.o
 .debug_macro   0x0000000000021bfa      0x1de ./Drivers/STM32F4xx_HAL_Driver/Src/stm32f4xx_hal_rcc.o
 .debug_macro   0x0000000000021dd8      0x1bb ./Drivers/STM32F4xx_HAL_Driver/Src/stm32f4xx_hal_uart.o

.debug_line     0x0000000000000000     0xce5a
 .debug_line    0x0000000000000000      0xbcf ./Core/Inc/time.o
 .debug_line    0x0000000000000bcf      0x87b ./Core/Src/main.o
 .debug_line    0x000000000000144a     0x2506 ./Core/Src/mainpp.o
 .debug_line    0x0000000000003950      0x835 ./Core/Src/stm32f4xx_hal_msp.o
 .debug_line    0x0000000000004185      0x8a1 ./Core/Src/stm32f4xx_it.o
 .debug_line    0x0000000000004a26      0x902 ./Core/Src/syscalls.o
 .debug_line    0x0000000000005328      0x5f8 ./Core/Src/sysmem.o
 .debug_line    0x0000000000005920      0x818 ./Core/Src/system_stm32f4xx.o
 .debug_line    0x0000000000006138       0x88 ./Core/Startup/startup_stm32f407vgtx.o
 .debug_line    0x00000000000061c0      0xa7e ./Drivers/STM32F4xx_HAL_Driver/Src/stm32f4xx_hal.o
 .debug_line    0x0000000000006c3e      0xd2d ./Drivers/STM32F4xx_HAL_Driver/Src/stm32f4xx_hal_cortex.o
 .debug_line    0x000000000000796b      0xfe2 ./Drivers/STM32F4xx_HAL_Driver/Src/stm32f4xx_hal_dma.o
 .debug_line    0x000000000000894d      0xbf2 ./Drivers/STM32F4xx_HAL_Driver/Src/stm32f4xx_hal_gpio.o
 .debug_line    0x000000000000953f      0xdf8 ./Drivers/STM32F4xx_HAL_Driver/Src/stm32f4xx_hal_rcc.o
 .debug_line    0x000000000000a337     0x2b23 ./Drivers/STM32F4xx_HAL_Driver/Src/stm32f4xx_hal_uart.o

.debug_str      0x0000000000000000    0xc97ae
 .debug_str     0x0000000000000000     0x9ee2 ./Core/Inc/time.o
                                       0xa1f1 (size before relaxing)
 .debug_str     0x0000000000009ee2    0xb93da ./Core/Src/main.o
                                      0xbd2db (size before relaxing)
 .debug_str     0x00000000000c32bc     0x252d ./Core/Src/mainpp.o
                                      0xc539a (size before relaxing)
 .debug_str     0x00000000000c57e9      0x106 ./Core/Src/stm32f4xx_hal_msp.o
                                      0xbd209 (size before relaxing)
 .debug_str     0x00000000000c58ef      0x132 ./Core/Src/stm32f4xx_it.o
                                      0xbcbcd (size before relaxing)
 .debug_str     0x00000000000c5a21     0x26d8 ./Core/Src/syscalls.o
                                       0x8a75 (size before relaxing)
 .debug_str     0x00000000000c80f9       0x6b ./Core/Src/sysmem.o
                                       0x5db1 (size before relaxing)
 .debug_str     0x00000000000c8164       0xdb ./Core/Src/system_stm32f4xx.o
                                      0xbc80e (size before relaxing)
 .debug_str     0x00000000000c823f       0x36 ./Core/Startup/startup_stm32f407vgtx.o
                                         0x73 (size before relaxing)
 .debug_str     0x00000000000c8275      0x5fc ./Drivers/STM32F4xx_HAL_Driver/Src/stm32f4xx_hal.o
                                      0xbd392 (size before relaxing)
 .debug_str     0x00000000000c8871      0x31a ./Drivers/STM32F4xx_HAL_Driver/Src/stm32f4xx_hal_cortex.o
                                      0xbd0c5 (size before relaxing)
 .debug_str     0x00000000000c8b8b      0x2f9 ./Drivers/STM32F4xx_HAL_Driver/Src/stm32f4xx_hal_dma.o
                                      0xbcc28 (size before relaxing)
 .debug_str     0x00000000000c8e84      0x15d ./Drivers/STM32F4xx_HAL_Driver/Src/stm32f4xx_hal_gpio.o
                                      0xbc989 (size before relaxing)
 .debug_str     0x00000000000c8fe1      0x233 ./Drivers/STM32F4xx_HAL_Driver/Src/stm32f4xx_hal_rcc.o
                                      0xbcc42 (size before relaxing)
 .debug_str     0x00000000000c9214      0x59a ./Drivers/STM32F4xx_HAL_Driver/Src/stm32f4xx_hal_uart.o
                                      0xbd1e1 (size before relaxing)

.comment        0x0000000000000000       0x50
 .comment       0x0000000000000000       0x50 ./Core/Inc/time.o